Archive member included because of file (symbol)

d:/archivos de programa x86/atollic/truestudio for arm 5.4.0/armtools/bin/../lib/gcc/arm-atollic-eabi/4.8.3/../../../../arm-atollic-eabi/lib/armv7-m\libc_s.a(lib_a-init.o)
                              src\startup_stm32l1xx_md.o (__libc_init_array)
d:/archivos de programa x86/atollic/truestudio for arm 5.4.0/armtools/bin/../lib/gcc/arm-atollic-eabi/4.8.3/../../../../arm-atollic-eabi/lib/armv7-m\libc_s.a(lib_a-strlen.o)
                              src\tiny_printf.o (strlen)
d:/archivos de programa x86/atollic/truestudio for arm 5.4.0/armtools/bin/../lib/gcc/arm-atollic-eabi/4.8.3/../../../../arm-atollic-eabi/lib/armv7-m\libc_s.a(lib_a-syscalls.o)
                              src\tiny_printf.o (_write)
d:/archivos de programa x86/atollic/truestudio for arm 5.4.0/armtools/bin/../lib/gcc/arm-atollic-eabi/4.8.3/../../../../arm-atollic-eabi/lib/armv7-m\libc_s.a(lib_a-reent.o)
                              d:/archivos de programa x86/atollic/truestudio for arm 5.4.0/armtools/bin/../lib/gcc/arm-atollic-eabi/4.8.3/../../../../arm-atollic-eabi/lib/armv7-m\libc_s.a(lib_a-syscalls.o) (errno)
d:/archivos de programa x86/atollic/truestudio for arm 5.4.0/armtools/bin/../lib/gcc/arm-atollic-eabi/4.8.3/../../../../arm-atollic-eabi/lib/armv7-m\libc_s.a(lib_a-impure.o)
                              d:/archivos de programa x86/atollic/truestudio for arm 5.4.0/armtools/bin/../lib/gcc/arm-atollic-eabi/4.8.3/../../../../arm-atollic-eabi/lib/armv7-m\libc_s.a(lib_a-reent.o) (_impure_ptr)
d:/archivos de programa x86/atollic/truestudio for arm 5.4.0/armtools/bin/../lib/gcc/arm-atollic-eabi/4.8.3/../../../../arm-atollic-eabi/lib/armv7-m\libc_s.a(lib_a-nano-freer.o)
                              d:/archivos de programa x86/atollic/truestudio for arm 5.4.0/armtools/bin/../lib/gcc/arm-atollic-eabi/4.8.3/../../../../arm-atollic-eabi/lib/armv7-m\libc_s.a(lib_a-reent.o) (_free_r)
d:/archivos de programa x86/atollic/truestudio for arm 5.4.0/armtools/bin/../lib/gcc/arm-atollic-eabi/4.8.3/../../../../arm-atollic-eabi/lib/armv7-m\libc_s.a(lib_a-nano-mallocr.o)
                              d:/archivos de programa x86/atollic/truestudio for arm 5.4.0/armtools/bin/../lib/gcc/arm-atollic-eabi/4.8.3/../../../../arm-atollic-eabi/lib/armv7-m\libc_s.a(lib_a-nano-freer.o) (__malloc_free_list)
d:/archivos de programa x86/atollic/truestudio for arm 5.4.0/armtools/bin/../lib/gcc/arm-atollic-eabi/4.8.3/../../../../arm-atollic-eabi/lib/armv7-m\libc_s.a(lib_a-sbrkr.o)
                              d:/archivos de programa x86/atollic/truestudio for arm 5.4.0/armtools/bin/../lib/gcc/arm-atollic-eabi/4.8.3/../../../../arm-atollic-eabi/lib/armv7-m\libc_s.a(lib_a-nano-mallocr.o) (_sbrk_r)

Allocating common symbols
Common symbol       size              file

errno               0x4               d:/archivos de programa x86/atollic/truestudio for arm 5.4.0/armtools/bin/../lib/gcc/arm-atollic-eabi/4.8.3/../../../../arm-atollic-eabi/lib/armv7-m\libc_s.a(lib_a-reent.o)
conversion          0x2               src\RAIs.o

Discarded input sections

 .text          0x00000000        0x0 d:/archivos de programa x86/atollic/truestudio for arm 5.4.0/armtools/bin/../lib/gcc/arm-atollic-eabi/4.8.3/armv7-m/crti.o
 .data          0x00000000        0x0 d:/archivos de programa x86/atollic/truestudio for arm 5.4.0/armtools/bin/../lib/gcc/arm-atollic-eabi/4.8.3/armv7-m/crti.o
 .bss           0x00000000        0x0 d:/archivos de programa x86/atollic/truestudio for arm 5.4.0/armtools/bin/../lib/gcc/arm-atollic-eabi/4.8.3/armv7-m/crti.o
 .data          0x00000000        0x4 d:/archivos de programa x86/atollic/truestudio for arm 5.4.0/armtools/bin/../lib/gcc/arm-atollic-eabi/4.8.3/armv7-m/crtbegin.o
 .text          0x00000000        0x0 src\tiny_printf.o
 .data          0x00000000        0x0 src\tiny_printf.o
 .bss           0x00000000        0x0 src\tiny_printf.o
 .text.ts_formatlength
                0x00000000      0x12c src\tiny_printf.o
 .text.fiprintf
                0x00000000       0x9c src\tiny_printf.o
 .text.iprintf  0x00000000       0x94 src\tiny_printf.o
 .rodata        0x00000000        0x4 src\tiny_printf.o
 .text.fputs    0x00000000       0x68 src\tiny_printf.o
 .text.puts     0x00000000       0x58 src\tiny_printf.o
 .text.fwrite   0x00000000       0x38 src\tiny_printf.o
 .text          0x00000000        0x0 src\system_stm32l1xx.o
 .data          0x00000000        0x0 src\system_stm32l1xx.o
 .bss           0x00000000        0x0 src\system_stm32l1xx.o
 .data.SystemCoreClock
                0x00000000        0x4 src\system_stm32l1xx.o
 .data.PLLMulTable
                0x00000000        0xc src\system_stm32l1xx.o
 .data.MSITable
                0x00000000        0x8 src\system_stm32l1xx.o
 .data.AHBPrescTable
                0x00000000       0x10 src\system_stm32l1xx.o
 .text.SystemCoreClockUpdate
                0x00000000      0x16c src\system_stm32l1xx.o
[...]
Memory Configuration

Name             Origin             Length             Attributes
FLASH            0x08000000         0x00020000         xr
RAM              0x20000000         0x00004000         xrw
MEMORY_B1        0x60000000         0x00000000         xr
*default*        0x00000000         0xffffffff

Linker script and memory map

LOAD d:/archivos de programa x86/atollic/truestudio for arm 5.4.0/armtools/bin/../lib/gcc/arm-atollic-eabi/4.8.3/armv7-m/crti.o
LOAD d:/archivos de programa x86/atollic/truestudio for arm 5.4.0/armtools/bin/../lib/gcc/arm-atollic-eabi/4.8.3/armv7-m/crtbegin.o
LOAD src\tiny_printf.o
LOAD src\system_stm32l1xx.o
LOAD src\stm32l1xx_it.o
LOAD src\startup_stm32l1xx_md.o
LOAD src\main.o
LOAD src\Timers.o
LOAD src\RAIs.o
LOAD src\Interruptions.o
LOAD src\GPIOs.o
LOAD src\ADC.o
LOAD Utilities\STM32_EVAL\stm32l_discovery_lcd.o
LOAD Libraries\STM32L1xx_StdPeriph_Driver\src\stm32l1xx_wwdg.o
LOAD Libraries\STM32L1xx_StdPeriph_Driver\src\stm32l1xx_usart.o
LOAD Libraries\STM32L1xx_StdPeriph_Driver\src\stm32l1xx_tim.o
LOAD Libraries\STM32L1xx_StdPeriph_Driver\src\stm32l1xx_syscfg.o
LOAD Libraries\STM32L1xx_StdPeriph_Driver\src\stm32l1xx_spi.o
LOAD Libraries\STM32L1xx_StdPeriph_Driver\src\stm32l1xx_sdio.o
LOAD Libraries\STM32L1xx_StdPeriph_Driver\src\stm32l1xx_rtc.o
LOAD Libraries\STM32L1xx_StdPeriph_Driver\src\stm32l1xx_rcc.o
LOAD Libraries\STM32L1xx_StdPeriph_Driver\src\stm32l1xx_pwr.o
LOAD Libraries\STM32L1xx_StdPeriph_Driver\src\stm32l1xx_opamp.o
LOAD Libraries\STM32L1xx_StdPeriph_Driver\src\stm32l1xx_lcd.o
LOAD Libraries\STM32L1xx_StdPeriph_Driver\src\stm32l1xx_iwdg.o
LOAD Libraries\STM32L1xx_StdPeriph_Driver\src\stm32l1xx_i2c.o
LOAD Libraries\STM32L1xx_StdPeriph_Driver\src\stm32l1xx_gpio.o
LOAD Libraries\STM32L1xx_StdPeriph_Driver\src\stm32l1xx_fsmc.o
LOAD Libraries\STM32L1xx_StdPeriph_Driver\src\stm32l1xx_flash_ramfunc.o
LOAD Libraries\STM32L1xx_StdPeriph_Driver\src\stm32l1xx_flash.o
LOAD Libraries\STM32L1xx_StdPeriph_Driver\src\stm32l1xx_exti.o
LOAD Libraries\STM32L1xx_StdPeriph_Driver\src\stm32l1xx_dma.o
LOAD Libraries\STM32L1xx_StdPeriph_Driver\src\stm32l1xx_dbgmcu.o
LOAD Libraries\STM32L1xx_StdPeriph_Driver\src\stm32l1xx_dac.o
LOAD Libraries\STM32L1xx_StdPeriph_Driver\src\stm32l1xx_crc.o
LOAD Libraries\STM32L1xx_StdPeriph_Driver\src\stm32l1xx_comp.o
LOAD Libraries\STM32L1xx_StdPeriph_Driver\src\stm32l1xx_aes_util.o
LOAD Libraries\STM32L1xx_StdPeriph_Driver\src\stm32l1xx_aes.o
LOAD Libraries\STM32L1xx_StdPeriph_Driver\src\stm32l1xx_adc.o
LOAD Libraries\STM32L1xx_StdPeriph_Driver\src\misc.o
START GROUP
LOAD d:/archivos de programa x86/atollic/truestudio for arm 5.4.0/armtools/bin/../lib/gcc/arm-atollic-eabi/4.8.3/../../../../arm-atollic-eabi/lib/armv7-m\libc_s.a
LOAD d:/archivos de programa x86/atollic/truestudio for arm 5.4.0/armtools/bin/../lib/gcc/arm-atollic-eabi/4.8.3/../../../../arm-atollic-eabi/lib/armv7-m\libm.a
END GROUP
                0x00001000                malloc_getpagesize_P = 0x1000
START GROUP
LOAD d:/archivos de programa x86/atollic/truestudio for arm 5.4.0/armtools/bin/../lib/gcc/arm-atollic-eabi/4.8.3/armv7-m\libgcc.a
LOAD d:/archivos de programa x86/atollic/truestudio for arm 5.4.0/armtools/bin/../lib/gcc/arm-atollic-eabi/4.8.3/../../../../arm-atollic-eabi/lib/armv7-m\libc.a
END GROUP
LOAD d:/archivos de programa x86/atollic/truestudio for arm 5.4.0/armtools/bin/../lib/gcc/arm-atollic-eabi/4.8.3/armv7-m/crtend.o
LOAD d:/archivos de programa x86/atollic/truestudio for arm 5.4.0/armtools/bin/../lib/gcc/arm-atollic-eabi/4.8.3/armv7-m/crtn.o
                0x20004000                _estack = 0x20004000
                0x00000000                _Min_Heap_Size = 0x0
                0x00000080                _Min_Stack_Size = 0x80

.isr_vector     0x08000000      0x10c
                0x08000000                . = ALIGN (0x4)
 *(.isr_vector)
 .isr_vector    0x08000000      0x10c src\startup_stm32l1xx_md.o
                0x08000000                g_pfnVectors
                0x0800010c                . = ALIGN (0x4)

.text           0x0800010c     0x2470
                0x0800010c                . = ALIGN (0x4)
 *(.text)
 .text          0x0800010c       0x40 d:/archivos de programa x86/atollic/truestudio for arm 5.4.0/armtools/bin/../lib/gcc/arm-atollic-eabi/4.8.3/armv7-m/crtbegin.o
 *(.text*)
 .text.ts_itoa  0x0800014c       0x90 src\tiny_printf.o
                0x0800014c                ts_itoa
 .text.ts_formatstring
                0x080001dc      0x134 src\tiny_printf.o
                0x080001dc                ts_formatstring
 .text.siprintf
                0x08000310       0x2c src\tiny_printf.o
                0x08000310                siprintf
                0x08000310                sprintf
 .text.SystemInit
                0x0800033c       0xa8 src\system_stm32l1xx.o
                0x0800033c                SystemInit
 .text.SetSysClock
                0x080003e4        0xc src\system_stm32l1xx.o
 .text.SetSysClockToHSI
                0x080003f0       0xf0 src\system_stm32l1xx.o
 .text.NMI_Handler
                0x080004e0        0xc src\stm32l1xx_it.o
                0x080004e0                NMI_Handler
 .text.HardFault_Handler
                0x080004ec        0x8 src\stm32l1xx_it.o
                0x080004ec                HardFault_Handler
 .text.MemManage_Handler
                0x080004f4        0x8 src\stm32l1xx_it.o
                0x080004f4                MemManage_Handler
 .text.BusFault_Handler
                0x080004fc        0x8 src\stm32l1xx_it.o
                0x080004fc                BusFault_Handler
 .text.UsageFault_Handler
                0x08000504        0x8 src\stm32l1xx_it.o
                0x08000504                UsageFault_Handler
 .text.SVC_Handler
                0x0800050c        0xc src\stm32l1xx_it.o
                0x0800050c                SVC_Handler
 .text.DebugMon_Handler
                0x08000518        0xc src\stm32l1xx_it.o
                0x08000518                DebugMon_Handler
 .text.PendSV_Handler
                0x08000524        0xc src\stm32l1xx_it.o
                0x08000524                PendSV_Handler
 .text.SysTick_Handler
                0x08000530        0xc src\stm32l1xx_it.o
                0x08000530                SysTick_Handler
 .text.Reset_Handler
                0x0800053c       0x58 src\startup_stm32l1xx_md.o
                0x0800053c                Reset_Handler
 .text.Default_Handler
                0x08000594        0x4 src\startup_stm32l1xx_md.o
                0x08000594                RTC_Alarm_IRQHandler
                0x08000594                EXTI2_IRQHandler
                0x08000594                TIM10_IRQHandler
                0x08000594                USB_HP_IRQHandler
                0x08000594                TIM6_IRQHandler
                0x08000594                PVD_IRQHandler
                0x08000594                EXTI3_IRQHandler
                0x08000594                I2C2_EV_IRQHandler
                0x08000594                SPI1_IRQHandler
                0x08000594                USB_FS_WKUP_IRQHandler
                0x08000594                DMA1_Channel4_IRQHandler
                0x08000594                USART3_IRQHandler
                0x08000594                DMA1_Channel7_IRQHandler
                0x08000594                LCD_IRQHandler
                0x08000594                I2C1_EV_IRQHandler
                0x08000594                DMA1_Channel6_IRQHandler
                0x08000594                TIM3_IRQHandler
                0x08000594                RCC_IRQHandler
                0x08000594                DMA1_Channel1_IRQHandler
                0x08000594                Default_Handler
                0x08000594                EXTI15_10_IRQHandler
                0x08000594                TIM7_IRQHandler
                0x08000594                EXTI9_5_IRQHandler
                0x08000594                TIM9_IRQHandler
                0x08000594                TAMPER_STAMP_IRQHandler
                0x08000594                RTC_WKUP_IRQHandler
                0x08000594                SPI2_IRQHandler
                0x08000594                DMA1_Channel5_IRQHandler
                0x08000594                USB_LP_IRQHandler
                0x08000594                EXTI4_IRQHandler
                0x08000594                DMA1_Channel3_IRQHandler
                0x08000594                COMP_IRQHandler
                0x08000594                WWDG_IRQHandler
                0x08000594                TIM2_IRQHandler
                0x08000594                DAC_IRQHandler
                0x08000594                EXTI1_IRQHandler
                0x08000594                TIM11_IRQHandler
                0x08000594                USART2_IRQHandler
                0x08000594                I2C2_ER_IRQHandler
                0x08000594                DMA1_Channel2_IRQHandler
                0x08000594                FLASH_IRQHandler
                0x08000594                USART1_IRQHandler
                0x08000594                I2C1_ER_IRQHandler
 .text.main     0x08000598       0x58 src\main.o
                0x08000598                main
 .text.Delay    0x080005f0       0x28 src\main.o
                0x080005f0                Delay
 .text.TimingDelay_Decrement
                0x08000618       0x24 src\main.o
                0x08000618                TimingDelay_Decrement
 .text.NVIC_SetPriority
                0x0800063c       0x54 src\Timers.o
 .text.SysTick_Config
                0x08000690       0x44 src\Timers.o
 .text.RCC_Configuration
                0x080006d4       0x5c src\Timers.o
                0x080006d4                RCC_Configuration
 .text.Timer_Configuration
                0x08000730       0x40 src\Timers.o
                0x08000730                Timer_Configuration
 .text.Systick_Configuration
                0x08000770       0x28 src\Timers.o
                0x08000770                Systick_Configuration
 .text.ADC1_IRQHandler
                0x08000798       0x78 src\RAIs.o
                0x08000798                ADC1_IRQHandler
 .text.TIM4_IRQHandler
                0x08000810       0x48 src\RAIs.o
                0x08000810                TIM4_IRQHandler
 .text.EXTI0_IRQHandler
                0x08000858       0x4c src\RAIs.o
                0x08000858                EXTI0_IRQHandler
 .text.DisplayConversionOnLCD
                0x080008a4       0x68 src\RAIs.o
                0x080008a4                DisplayConversionOnLCD
 .text.Interruption_Configuration
                0x0800090c       0x8c src\Interruptions.o
                0x0800090c                Interruption_Configuration
 .text.GPIOs_Configuration
                0x08000998      0x1e4 src\GPIOs.o
                0x08000998                GPIOs_Configuration
 .text.ADC_configuration
                0x08000b7c       0x70 src\ADC.o
                0x08000b7c                ADC_configuration
 .text.LCD_GLASS_Init
                0x08000bec       0x78 Utilities\STM32_EVAL\stm32l_discovery_lcd.o
                0x08000bec                LCD_GLASS_Init
 .text.LCD_bar  0x08000c64       0x4c Utilities\STM32_EVAL\stm32l_discovery_lcd.o
                0x08000c64                LCD_bar
 .text.LCD_Conv_Char_Seg
                0x08000cb0      0x160 Utilities\STM32_EVAL\stm32l_discovery_lcd.o
 .text.LCD_GLASS_WriteChar
                0x08000e10      0x4b0 Utilities\STM32_EVAL\stm32l_discovery_lcd.o
                0x08000e10                LCD_GLASS_WriteChar
 .text.LCD_GLASS_DisplayString
                0x080012c0       0x50 Utilities\STM32_EVAL\stm32l_discovery_lcd.o
                0x080012c0                LCD_GLASS_DisplayString
 .text.LCD_GLASS_Clear
                0x08001310       0x48 Utilities\STM32_EVAL\stm32l_discovery_lcd.o
                0x08001310                LCD_GLASS_Clear
 .text.LCD_GLASS_ScrollSentence
                0x08001358      0x138 Utilities\STM32_EVAL\stm32l_discovery_lcd.o
                0x08001358                LCD_GLASS_ScrollSentence
 .text.TIM_TimeBaseInit
                0x08001490       0xa4 Libraries\STM32L1xx_StdPeriph_Driver\src\stm32l1xx_tim.o
                0x08001490                TIM_TimeBaseInit
 .text.TIM_Cmd  0x08001534       0x40 Libraries\STM32L1xx_StdPeriph_Driver\src\stm32l1xx_tim.o
                0x08001534                TIM_Cmd
 .text.TIM_ITConfig
                0x08001574       0x48 Libraries\STM32L1xx_StdPeriph_Driver\src\stm32l1xx_tim.o
                0x08001574                TIM_ITConfig
 .text.TIM_GetITStatus
                0x080015bc       0x54 Libraries\STM32L1xx_StdPeriph_Driver\src\stm32l1xx_tim.o
                0x080015bc                TIM_GetITStatus
 .text.TIM_ClearITPendingBit
                0x08001610       0x20 Libraries\STM32L1xx_StdPeriph_Driver\src\stm32l1xx_tim.o
                0x08001610                TIM_ClearITPendingBit
 .text.TIM_SelectOutputTrigger
                0x08001630       0x38 Libraries\STM32L1xx_StdPeriph_Driver\src\stm32l1xx_tim.o
                0x08001630                TIM_SelectOutputTrigger
 .text.RCC_LSEConfig
                0x08001668       0x24 Libraries\STM32L1xx_StdPeriph_Driver\src\stm32l1xx_rcc.o
                0x08001668                RCC_LSEConfig
 .text.RCC_GetClocksFreq
                0x0800168c      0x1b4 Libraries\STM32L1xx_StdPeriph_Driver\src\stm32l1xx_rcc.o
                0x0800168c                RCC_GetClocksFreq
 .text.RCC_RTCCLKConfig
                0x08001840       0x64 Libraries\STM32L1xx_StdPeriph_Driver\src\stm32l1xx_rcc.o
                0x08001840                RCC_RTCCLKConfig
 .text.RCC_RTCResetCmd
                0x080018a4       0x20 Libraries\STM32L1xx_StdPeriph_Driver\src\stm32l1xx_rcc.o
                0x080018a4                RCC_RTCResetCmd
 .text.RCC_AHBPeriphClockCmd
                0x080018c4       0x3c Libraries\STM32L1xx_StdPeriph_Driver\src\stm32l1xx_rcc.o
                0x080018c4                RCC_AHBPeriphClockCmd
 .text.RCC_APB2PeriphClockCmd
                0x08001900       0x3c Libraries\STM32L1xx_StdPeriph_Driver\src\stm32l1xx_rcc.o
                0x08001900                RCC_APB2PeriphClockCmd
 .text.RCC_APB1PeriphClockCmd
                0x0800193c       0x3c Libraries\STM32L1xx_StdPeriph_Driver\src\stm32l1xx_rcc.o
                0x0800193c                RCC_APB1PeriphClockCmd
 .text.RCC_GetFlagStatus
                0x08001978       0x68 Libraries\STM32L1xx_StdPeriph_Driver\src\stm32l1xx_rcc.o
                0x08001978                RCC_GetFlagStatus
 .text.PWR_RTCAccessCmd
                0x080019e0       0x20 Libraries\STM32L1xx_StdPeriph_Driver\src\stm32l1xx_pwr.o
                0x080019e0                PWR_RTCAccessCmd
 .text.LCD_Init
                0x08001a00       0x5c Libraries\STM32L1xx_StdPeriph_Driver\src\stm32l1xx_lcd.o
                0x08001a00                LCD_Init
 .text.LCD_Cmd  0x08001a5c       0x20 Libraries\STM32L1xx_StdPeriph_Driver\src\stm32l1xx_lcd.o
                0x08001a5c                LCD_Cmd
 .text.LCD_WaitForSynchro
                0x08001a7c       0x20 Libraries\STM32L1xx_StdPeriph_Driver\src\stm32l1xx_lcd.o
                0x08001a7c                LCD_WaitForSynchro
 .text.LCD_MuxSegmentCmd
                0x08001a9c       0x20 Libraries\STM32L1xx_StdPeriph_Driver\src\stm32l1xx_lcd.o
                0x08001a9c                LCD_MuxSegmentCmd
 .text.LCD_PulseOnDurationConfig
                0x08001abc       0x30 Libraries\STM32L1xx_StdPeriph_Driver\src\stm32l1xx_lcd.o
                0x08001abc                LCD_PulseOnDurationConfig
 .text.LCD_DeadTimeConfig
                0x08001aec       0x30 Libraries\STM32L1xx_StdPeriph_Driver\src\stm32l1xx_lcd.o
                0x08001aec                LCD_DeadTimeConfig
 .text.LCD_BlinkConfig
                0x08001b1c       0x34 Libraries\STM32L1xx_StdPeriph_Driver\src\stm32l1xx_lcd.o
                0x08001b1c                LCD_BlinkConfig
 .text.LCD_ContrastConfig
                0x08001b50       0x30 Libraries\STM32L1xx_StdPeriph_Driver\src\stm32l1xx_lcd.o
                0x08001b50                LCD_ContrastConfig
 .text.LCD_UpdateDisplayRequest
                0x08001b80       0x18 Libraries\STM32L1xx_StdPeriph_Driver\src\stm32l1xx_lcd.o
                0x08001b80                LCD_UpdateDisplayRequest
 .text.LCD_GetFlagStatus
                0x08001b98       0x34 Libraries\STM32L1xx_StdPeriph_Driver\src\stm32l1xx_lcd.o
                0x08001b98                LCD_GetFlagStatus
 .text.GPIO_Init
                0x08001bcc      0x128 Libraries\STM32L1xx_StdPeriph_Driver\src\stm32l1xx_gpio.o
                0x08001bcc                GPIO_Init
 .text.GPIO_WriteBit
                0x08001cf4       0x30 Libraries\STM32L1xx_StdPeriph_Driver\src\stm32l1xx_gpio.o
                0x08001cf4                GPIO_WriteBit
 .text.GPIO_ToggleBits
                0x08001d24       0x28 Libraries\STM32L1xx_StdPeriph_Driver\src\stm32l1xx_gpio.o
                0x08001d24                GPIO_ToggleBits
 .text.GPIO_PinAFConfig
                0x08001d4c       0x8c Libraries\STM32L1xx_StdPeriph_Driver\src\stm32l1xx_gpio.o
                0x08001d4c                GPIO_PinAFConfig
 .text.EXTI_Init
                0x08001dd8       0xdc Libraries\STM32L1xx_StdPeriph_Driver\src\stm32l1xx_exti.o
                0x08001dd8                EXTI_Init
 .text.EXTI_StructInit
                0x08001eb4       0x2c Libraries\STM32L1xx_StdPeriph_Driver\src\stm32l1xx_exti.o
                0x08001eb4                EXTI_StructInit
 .text.EXTI_GetFlagStatus
                0x08001ee0       0x34 Libraries\STM32L1xx_StdPeriph_Driver\src\stm32l1xx_exti.o
                0x08001ee0                EXTI_GetFlagStatus
 .text.EXTI_ClearITPendingBit
                0x08001f14       0x1c Libraries\STM32L1xx_StdPeriph_Driver\src\stm32l1xx_exti.o
                0x08001f14                EXTI_ClearITPendingBit
 .text.ADC_Init
                0x08001f30       0xa8 Libraries\STM32L1xx_StdPeriph_Driver\src\stm32l1xx_adc.o
                0x08001f30                ADC_Init
 .text.ADC_Cmd  0x08001fd8       0x38 Libraries\STM32L1xx_StdPeriph_Driver\src\stm32l1xx_adc.o
                0x08001fd8                ADC_Cmd
 .text.ADC_AnalogWatchdogCmd
                0x08002010       0x38 Libraries\STM32L1xx_StdPeriph_Driver\src\stm32l1xx_adc.o
                0x08002010                ADC_AnalogWatchdogCmd
 .text.ADC_AnalogWatchdogThresholdsConfig
                0x08002048       0x28 Libraries\STM32L1xx_StdPeriph_Driver\src\stm32l1xx_adc.o
                0x08002048                ADC_AnalogWatchdogThresholdsConfig
 .text.ADC_AnalogWatchdogSingleChannelConfig
                0x08002070       0x38 Libraries\STM32L1xx_StdPeriph_Driver\src\stm32l1xx_adc.o
                0x08002070                ADC_AnalogWatchdogSingleChannelConfig
 .text.ADC_RegularChannelConfig
                0x080020a8      0x2c0 Libraries\STM32L1xx_StdPeriph_Driver\src\stm32l1xx_adc.o
                0x080020a8                ADC_RegularChannelConfig
 .text.ADC_GetConversionValue
                0x08002368       0x1c Libraries\STM32L1xx_StdPeriph_Driver\src\stm32l1xx_adc.o
                0x08002368                ADC_GetConversionValue
 .text.ADC_ITConfig
                0x08002384       0x50 Libraries\STM32L1xx_StdPeriph_Driver\src\stm32l1xx_adc.o
                0x08002384                ADC_ITConfig
 .text.ADC_GetITStatus
                0x080023d4       0x5c Libraries\STM32L1xx_StdPeriph_Driver\src\stm32l1xx_adc.o
                0x080023d4                ADC_GetITStatus
 .text.ADC_ClearITPendingBit
                0x08002430       0x2c Libraries\STM32L1xx_StdPeriph_Driver\src\stm32l1xx_adc.o
                0x08002430                ADC_ClearITPendingBit
 .text.NVIC_Init
                0x0800245c       0xbc Libraries\STM32L1xx_StdPeriph_Driver\src\misc.o
                0x0800245c                NVIC_Init
 .text.__libc_init_array
                0x08002518       0x4c d:/archivos de programa x86/atollic/truestudio for arm 5.4.0/armtools/bin/../lib/gcc/arm-atollic-eabi/4.8.3/../../../../arm-atollic-eabi/lib/armv7-m\libc_s.a(lib_a-init.o)
                0x08002518                __libc_init_array
 *(.glue_7)
 .glue_7        0x00000000        0x0 linker stubs
 *(.glue_7t)
 .glue_7t       0x00000000        0x0 linker stubs
 *(.eh_frame)
 .eh_frame      0x08002564        0x0 d:/archivos de programa x86/atollic/truestudio for arm 5.4.0/armtools/bin/../lib/gcc/arm-atollic-eabi/4.8.3/armv7-m/crtbegin.o
 *(.init)
 .init          0x08002564        0x4 d:/archivos de programa x86/atollic/truestudio for arm 5.4.0/armtools/bin/../lib/gcc/arm-atollic-eabi/4.8.3/armv7-m/crti.o
                0x08002564                _init
 .init          0x08002568        0x8 d:/archivos de programa x86/atollic/truestudio for arm 5.4.0/armtools/bin/../lib/gcc/arm-atollic-eabi/4.8.3/armv7-m/crtn.o
 *(.fini)
 .fini          0x08002570        0x4 d:/archivos de programa x86/atollic/truestudio for arm 5.4.0/armtools/bin/../lib/gcc/arm-atollic-eabi/4.8.3/armv7-m/crti.o
                0x08002570                _fini
 .fini          0x08002574        0x8 d:/archivos de programa x86/atollic/truestudio for arm 5.4.0/armtools/bin/../lib/gcc/arm-atollic-eabi/4.8.3/armv7-m/crtn.o
                0x0800257c                . = ALIGN (0x4)
                0x0800257c                _etext = .

.vfp11_veneer   0x0800257c        0x0
 .vfp11_veneer  0x00000000        0x0 linker stubs

.v4_bx          0x0800257c        0x0
 .v4_bx         0x00000000        0x0 linker stubs

.iplt           0x0800257c        0x0
 .iplt          0x00000000        0x0 d:/archivos de programa x86/atollic/truestudio for arm 5.4.0/armtools/bin/../lib/gcc/arm-atollic-eabi/4.8.3/armv7-m/crtbegin.o

.rodata         0x0800257c       0x6c
                0x0800257c                . = ALIGN (0x4)
 *(.rodata)
 .rodata        0x0800257c       0x18 src\main.o
 .rodata        0x08002594        0xc src\RAIs.o
 *(.rodata*)
 .rodata.CapLetterMap
                0x080025a0       0x34 Utilities\STM32_EVAL\stm32l_discovery_lcd.o
                0x080025a0                CapLetterMap
 .rodata.NumberMap
                0x080025d4       0x14 Utilities\STM32_EVAL\stm32l_discovery_lcd.o
                0x080025d4                NumberMap
                0x080025e8                . = ALIGN (0x4)

.rel.dyn        0x080025e8        0x0
 .rel.iplt      0x00000000        0x0 d:/archivos de programa x86/atollic/truestudio for arm 5.4.0/armtools/bin/../lib/gcc/arm-atollic-eabi/4.8.3/armv7-m/crtbegin.o

.ARM.extab
 *(.ARM.extab* .gnu.linkonce.armextab.*)

.ARM            0x080025e8        0x0
                0x080025e8                __exidx_start = .
 *(.ARM.exidx*)
                0x080025e8                __exidx_end = .

.preinit_array  0x080025e8        0x0
                0x080025e8                PROVIDE (__preinit_array_start, .)
 *(.preinit_array*)
                0x080025e8                PROVIDE (__preinit_array_end, .)

.init_array     0x080025e8        0x4
                0x080025e8                PROVIDE (__init_array_start, .)
 *(SORT(.init_array.*))
 *(.init_array*)
 .init_array    0x080025e8        0x4 d:/archivos de programa x86/atollic/truestudio for arm 5.4.0/armtools/bin/../lib/gcc/arm-atollic-eabi/4.8.3/armv7-m/crtbegin.o
                0x080025ec                PROVIDE (__init_array_end, .)

.fini_array     0x080025ec        0x4
                0x080025ec                PROVIDE (__fini_array_start, .)
 *(SORT(.fini_array.*))
 *(.fini_array*)
 .fini_array    0x080025ec        0x4 d:/archivos de programa x86/atollic/truestudio for arm 5.4.0/armtools/bin/../lib/gcc/arm-atollic-eabi/4.8.3/armv7-m/crtbegin.o
                0x080025f0                PROVIDE (__fini_array_end, .)
                0x080025f0                _sidata = LOADADDR (.data)

.data           0x20000000       0x20 load address 0x080025f0
                0x20000000                . = ALIGN (0x4)
                0x20000000                _sdata = .
 *(.data)
 *(.data*)
 .data.inicio   0x20000000        0x1 src\RAIs.o
                0x20000000                inicio
 *fill*         0x20000001        0x3 
 .data.PLLMulTable
                0x20000004        0xc Libraries\STM32L1xx_StdPeriph_Driver\src\stm32l1xx_rcc.o
 .data.APBAHBPrescTable
                0x20000010       0x10 Libraries\STM32L1xx_StdPeriph_Driver\src\stm32l1xx_rcc.o
                0x20000020                . = ALIGN (0x4)
                0x20000020                _edata = .

.igot.plt       0x20000020        0x0 load address 0x08002610
 .igot.plt      0x00000000        0x0 d:/archivos de programa x86/atollic/truestudio for arm 5.4.0/armtools/bin/../lib/gcc/arm-atollic-eabi/4.8.3/armv7-m/crtbegin.o
                0x20000020                . = ALIGN (0x4)

.bss            0x20000020       0x28 load address 0x08002610
                0x20000020                _sbss = .
                0x20000020                __bss_start__ = _sbss
 *(.bss)
 .bss           0x20000020       0x1c d:/archivos de programa x86/atollic/truestudio for arm 5.4.0/armtools/bin/../lib/gcc/arm-atollic-eabi/4.8.3/armv7-m/crtbegin.o
 *(.bss*)
 .bss.TimingDelay
                0x2000003c        0x4 src\main.o
 .bss.KeyPressed
                0x20000040        0x1 Utilities\STM32_EVAL\stm32l_discovery_lcd.o
                0x20000040                KeyPressed
 *fill*         0x20000041        0x3 
 .bss.t_bar     0x20000044        0x4 Utilities\STM32_EVAL\stm32l_discovery_lcd.o
                0x20000044                t_bar
 *(COMMON)
                0x20000048                . = ALIGN (0x4)
                0x20000048                _ebss = .
                0x20000048                __bss_end__ = _ebss

._user_heap_stack
                0x20000048       0x80 load address 0x08002610
                0x20000048                . = ALIGN (0x4)
                0x20000048                PROVIDE (end, .)
                0x20000048                PROVIDE (_end, .)
                0x20000048                . = (. + _Min_Heap_Size)
                0x200000c8                . = (. + _Min_Stack_Size)
 *fill*         0x20000048       0x80 
                0x200000c8                . = ALIGN (0x4)

.memory_b1_text
 *(.mb1text)
 *(.mb1text*)
 *(.mb1rodata)
 *(.mb1rodata*)

/DISCARD/
 libc.a(*)
 libm.a(*)
 libgcc.a(*)

.ARM.attributes
                0x00000000       0x29
 *(.ARM.attributes)
 .ARM.attributes
                0x00000000       0x1d d:/archivos de programa x86/atollic/truestudio for arm 5.4.0/armtools/bin/../lib/gcc/arm-atollic-eabi/4.8.3/armv7-m/crti.o
 .ARM.attributes
                0x0000001d       0x2d d:/archivos de programa x86/atollic/truestudio for arm 5.4.0/armtools/bin/../lib/gcc/arm-atollic-eabi/4.8.3/armv7-m/crtbegin.o
 .ARM.attributes
                0x0000004a       0x33 src\tiny_printf.o
 .ARM.attributes
                0x0000007d       0x33 src\system_stm32l1xx.o
 .ARM.attributes
                0x000000b0       0x33 src\stm32l1xx_it.o
 .ARM.attributes
                0x000000e3       0x21 src\startup_stm32l1xx_md.o
 .ARM.attributes
                0x00000104       0x33 src\main.o
 .ARM.attributes
                0x00000137       0x33 src\Timers.o
 .ARM.attributes
                0x0000016a       0x33 src\RAIs.o
 .ARM.attributes
                0x0000019d       0x33 src\Interruptions.o
 .ARM.attributes
                0x000001d0       0x33 src\GPIOs.o
 .ARM.attributes
                0x00000203       0x33 src\ADC.o
 .ARM.attributes
                0x00000236       0x33 Utilities\STM32_EVAL\stm32l_discovery_lcd.o
 .ARM.attributes
                0x00000269       0x33 Libraries\STM32L1xx_StdPeriph_Driver\src\stm32l1xx_tim.o
 .ARM.attributes
                0x0000029c       0x33 Libraries\STM32L1xx_StdPeriph_Driver\src\stm32l1xx_rcc.o
 .ARM.attributes
                0x000002cf       0x33 Libraries\STM32L1xx_StdPeriph_Driver\src\stm32l1xx_pwr.o
 .ARM.attributes
                0x00000302       0x33 Libraries\STM32L1xx_StdPeriph_Driver\src\stm32l1xx_lcd.o
 .ARM.attributes
                0x00000335       0x33 Libraries\STM32L1xx_StdPeriph_Driver\src\stm32l1xx_gpio.o
 .ARM.attributes
                0x00000368       0x33 Libraries\STM32L1xx_StdPeriph_Driver\src\stm32l1xx_exti.o
 .ARM.attributes
                0x0000039b       0x33 Libraries\STM32L1xx_StdPeriph_Driver\src\stm32l1xx_adc.o
 .ARM.attributes
                0x000003ce       0x33 Libraries\STM32L1xx_StdPeriph_Driver\src\misc.o
 .ARM.attributes
                0x00000401       0x2d d:/archivos de programa x86/atollic/truestudio for arm 5.4.0/armtools/bin/../lib/gcc/arm-atollic-eabi/4.8.3/../../../../arm-atollic-eabi/lib/armv7-m\libc_s.a(lib_a-init.o)
 .ARM.attributes
                0x0000042e       0x1d d:/archivos de programa x86/atollic/truestudio for arm 5.4.0/armtools/bin/../lib/gcc/arm-atollic-eabi/4.8.3/armv7-m/crtn.o
OUTPUT(PRACTICA2.elf elf32-littlearm)

.debug_info     0x00000000     0x7d36
 .debug_info    0x00000000      0xbc2 src\tiny_printf.o
 .debug_info    0x00000bc2      0x602 src\system_stm32l1xx.o
 .debug_info    0x000011c4      0x145 src\stm32l1xx_it.o
 .debug_info    0x00001309       0x90 src\startup_stm32l1xx_md.o
 .debug_info    0x00001399      0x2a5 src\main.o
 .debug_info    0x0000163e      0x887 src\Timers.o
 .debug_info    0x00001ec5      0x613 src\RAIs.o
 .debug_info    0x000024d8      0x341 src\Interruptions.o
 .debug_info    0x00002819      0x2fc src\GPIOs.o
 .debug_info    0x00002b15      0x2c5 src\ADC.o
 .debug_info    0x00002dda      0x60a Utilities\STM32_EVAL\stm32l_discovery_lcd.o
 .debug_info    0x000033e4     0x1967 Libraries\STM32L1xx_StdPeriph_Driver\src\stm32l1xx_tim.o
 .debug_info    0x00004d4b      0xa13 Libraries\STM32L1xx_StdPeriph_Driver\src\stm32l1xx_rcc.o
 .debug_info    0x0000575e      0x5b5 Libraries\STM32L1xx_StdPeriph_Driver\src\stm32l1xx_pwr.o
 .debug_info    0x00005d13      0x4a3 Libraries\STM32L1xx_StdPeriph_Driver\src\stm32l1xx_lcd.o
 .debug_info    0x000061b6      0x647 Libraries\STM32L1xx_StdPeriph_Driver\src\stm32l1xx_gpio.o
 .debug_info    0x000067fd      0x34b Libraries\STM32L1xx_StdPeriph_Driver\src\stm32l1xx_exti.o
 .debug_info    0x00006b48      0xcad Libraries\STM32L1xx_StdPeriph_Driver\src\stm32l1xx_adc.o
 .debug_info    0x000077f5      0x541 Libraries\STM32L1xx_StdPeriph_Driver\src\misc.o

.debug_abbrev   0x00000000     0x1a9a
 .debug_abbrev  0x00000000      0x248 src\tiny_printf.o
 .debug_abbrev  0x00000248      0x188 src\system_stm32l1xx.o
 .debug_abbrev  0x000003d0       0x97 src\stm32l1xx_it.o
 .debug_abbrev  0x00000467       0x12 src\startup_stm32l1xx_md.o
 .debug_abbrev  0x00000479      0x14d src\main.o
 .debug_abbrev  0x000005c6      0x1a0 src\Timers.o
 .debug_abbrev  0x00000766      0x164 src\RAIs.o
 .debug_abbrev  0x000008ca       0xd3 src\Interruptions.o
 .debug_abbrev  0x0000099d      0x101 src\GPIOs.o
 .debug_abbrev  0x00000a9e       0xe2 src\ADC.o
 .debug_abbrev  0x00000b80      0x215 Utilities\STM32_EVAL\stm32l_discovery_lcd.o
 .debug_abbrev  0x00000d95      0x1b2 Libraries\STM32L1xx_StdPeriph_Driver\src\stm32l1xx_tim.o
 .debug_abbrev  0x00000f47      0x1e5 Libraries\STM32L1xx_StdPeriph_Driver\src\stm32l1xx_rcc.o
 .debug_abbrev  0x0000112c      0x19f Libraries\STM32L1xx_StdPeriph_Driver\src\stm32l1xx_pwr.o
 .debug_abbrev  0x000012cb      0x1bc Libraries\STM32L1xx_StdPeriph_Driver\src\stm32l1xx_lcd.o
 .debug_abbrev  0x00001487      0x1a5 Libraries\STM32L1xx_StdPeriph_Driver\src\stm32l1xx_gpio.o
 .debug_abbrev  0x0000162c      0x1a7 Libraries\STM32L1xx_StdPeriph_Driver\src\stm32l1xx_exti.o
 .debug_abbrev  0x000017d3      0x180 Libraries\STM32L1xx_StdPeriph_Driver\src\stm32l1xx_adc.o
 .debug_abbrev  0x00001953      0x147 Libraries\STM32L1xx_StdPeriph_Driver\src\misc.o

.debug_aranges  0x00000000      0xa20
 .debug_aranges
                0x00000000       0x60 src\tiny_printf.o
 .debug_aranges
                0x00000060       0x38 src\system_stm32l1xx.o
 .debug_aranges
                0x00000098       0x60 src\stm32l1xx_it.o
 .debug_aranges
                0x000000f8       0x28 src\startup_stm32l1xx_md.o
 .debug_aranges
                0x00000120       0x30 src\main.o
 .debug_aranges
                0x00000150       0x40 src\Timers.o
 .debug_aranges
                0x00000190       0x38 src\RAIs.o
 .debug_aranges
                0x000001c8       0x20 src\Interruptions.o
 .debug_aranges
                0x000001e8       0x20 src\GPIOs.o
 .debug_aranges
                0x00000208       0x20 src\ADC.o
 .debug_aranges
                0x00000228       0x60 Utilities\STM32_EVAL\stm32l_discovery_lcd.o
 .debug_aranges
                0x00000288      0x2b8 Libraries\STM32L1xx_StdPeriph_Driver\src\stm32l1xx_tim.o
 .debug_aranges
                0x00000540      0x148 Libraries\STM32L1xx_StdPeriph_Driver\src\stm32l1xx_rcc.o
 .debug_aranges
                0x00000688       0x88 Libraries\STM32L1xx_StdPeriph_Driver\src\stm32l1xx_pwr.o
 .debug_aranges
                0x00000710       0xa8 Libraries\STM32L1xx_StdPeriph_Driver\src\stm32l1xx_lcd.o
 .debug_aranges
                0x000007b8       0x88 Libraries\STM32L1xx_StdPeriph_Driver\src\stm32l1xx_gpio.o
 .debug_aranges
                0x00000840       0x58 Libraries\STM32L1xx_StdPeriph_Driver\src\stm32l1xx_exti.o
 .debug_aranges
                0x00000898      0x148 Libraries\STM32L1xx_StdPeriph_Driver\src\stm32l1xx_adc.o
 .debug_aranges
                0x000009e0       0x40 Libraries\STM32L1xx_StdPeriph_Driver\src\misc.o

.debug_ranges   0x00000000      0x8f8
 .debug_ranges  0x00000000       0x50 src\tiny_printf.o
 .debug_ranges  0x00000050       0x28 src\system_stm32l1xx.o
 .debug_ranges  0x00000078       0x50 src\stm32l1xx_it.o
 .debug_ranges  0x000000c8       0x20 src\startup_stm32l1xx_md.o
 .debug_ranges  0x000000e8       0x20 src\main.o
 .debug_ranges  0x00000108       0x30 src\Timers.o
 .debug_ranges  0x00000138       0x28 src\RAIs.o
 .debug_ranges  0x00000160       0x10 src\Interruptions.o
 .debug_ranges  0x00000170       0x10 src\GPIOs.o
 .debug_ranges  0x00000180       0x10 src\ADC.o
 .debug_ranges  0x00000190       0x50 Utilities\STM32_EVAL\stm32l_discovery_lcd.o
 .debug_ranges  0x000001e0      0x2a8 Libraries\STM32L1xx_StdPeriph_Driver\src\stm32l1xx_tim.o
 .debug_ranges  0x00000488      0x138 Libraries\STM32L1xx_StdPeriph_Driver\src\stm32l1xx_rcc.o
 .debug_ranges  0x000005c0       0x78 Libraries\STM32L1xx_StdPeriph_Driver\src\stm32l1xx_pwr.o
 .debug_ranges  0x00000638       0x98 Libraries\STM32L1xx_StdPeriph_Driver\src\stm32l1xx_lcd.o
 .debug_ranges  0x000006d0       0x78 Libraries\STM32L1xx_StdPeriph_Driver\src\stm32l1xx_gpio.o
 .debug_ranges  0x00000748       0x48 Libraries\STM32L1xx_StdPeriph_Driver\src\stm32l1xx_exti.o
 .debug_ranges  0x00000790      0x138 Libraries\STM32L1xx_StdPeriph_Driver\src\stm32l1xx_adc.o
 .debug_ranges  0x000008c8       0x30 Libraries\STM32L1xx_StdPeriph_Driver\src\misc.o

.debug_line     0x00000000     0x39c6
 .debug_line    0x00000000      0x2de src\tiny_printf.o
 .debug_line    0x000002de      0x26d src\system_stm32l1xx.o
 .debug_line    0x0000054b      0x1ed src\stm32l1xx_it.o
 .debug_line    0x00000738       0x7b src\startup_stm32l1xx_md.o
 .debug_line    0x000007b3      0x1cf src\main.o
 .debug_line    0x00000982      0x24f src\Timers.o
 .debug_line    0x00000bd1      0x21f src\RAIs.o
 .debug_line    0x00000df0      0x1f3 src\Interruptions.o
 .debug_line    0x00000fe3      0x206 src\GPIOs.o
 .debug_line    0x000011e9      0x1d4 src\ADC.o
 .debug_line    0x000013bd      0x3cc Utilities\STM32_EVAL\stm32l_discovery_lcd.o
 .debug_line    0x00001789      0x940 Libraries\STM32L1xx_StdPeriph_Driver\src\stm32l1xx_tim.o
 .debug_line    0x000020c9      0x515 Libraries\STM32L1xx_StdPeriph_Driver\src\stm32l1xx_rcc.o
 .debug_line    0x000025de      0x300 Libraries\STM32L1xx_StdPeriph_Driver\src\stm32l1xx_pwr.o
 .debug_line    0x000028de      0x356 Libraries\STM32L1xx_StdPeriph_Driver\src\stm32l1xx_lcd.o
 .debug_line    0x00002c34      0x339 Libraries\STM32L1xx_StdPeriph_Driver\src\stm32l1xx_gpio.o
 .debug_line    0x00002f6d      0x2a2 Libraries\STM32L1xx_StdPeriph_Driver\src\stm32l1xx_exti.o
 .debug_line    0x0000320f      0x575 Libraries\STM32L1xx_StdPeriph_Driver\src\stm32l1xx_adc.o
 .debug_line    0x00003784      0x242 Libraries\STM32L1xx_StdPeriph_Driver\src\misc.o

.debug_str      0x00000000     0x2df0
 .debug_str     0x00000000      0x579 src\tiny_printf.o
                                0x5f6 (size before relaxing)
 .debug_str     0x00000579      0x379 src\system_stm32l1xx.o
                                0x521 (size before relaxing)
 .debug_str     0x000008f2       0xbc src\stm32l1xx_it.o
                                0x24d (size before relaxing)
 .debug_str     0x000009ae       0x75 src\main.o
                                0x2cc (size before relaxing)
 .debug_str     0x00000a23      0x54f src\Timers.o
                                0x765 (size before relaxing)
 .debug_str     0x00000f72       0xf3 src\RAIs.o
                                0x3ed (size before relaxing)
 .debug_str     0x00001065      0x1b2 src\Interruptions.o
                                0x634 (size before relaxing)
 .debug_str     0x00001217       0x23 src\GPIOs.o
                                0x3bd (size before relaxing)
 .debug_str     0x0000123a       0xc1 src\ADC.o
                                0x305 (size before relaxing)
 .debug_str     0x000012fb      0x176 Utilities\STM32_EVAL\stm32l_discovery_lcd.o
                                0x42f (size before relaxing)
 .debug_str     0x00001471      0x92d Libraries\STM32L1xx_StdPeriph_Driver\src\stm32l1xx_tim.o
                                0xca1 (size before relaxing)
 .debug_str     0x00001d9e      0x427 Libraries\STM32L1xx_StdPeriph_Driver\src\stm32l1xx_rcc.o
                                0x76b (size before relaxing)
 .debug_str     0x000021c5      0x1a8 Libraries\STM32L1xx_StdPeriph_Driver\src\stm32l1xx_pwr.o
                                0x427 (size before relaxing)
 .debug_str     0x0000236d      0x1db Libraries\STM32L1xx_StdPeriph_Driver\src\stm32l1xx_lcd.o
                                0x452 (size before relaxing)
 .debug_str     0x00002548      0x196 Libraries\STM32L1xx_StdPeriph_Driver\src\stm32l1xx_gpio.o
                                0x527 (size before relaxing)
 .debug_str     0x000026de      0x100 Libraries\STM32L1xx_StdPeriph_Driver\src\stm32l1xx_exti.o
                                0x3b5 (size before relaxing)
 .debug_str     0x000027de      0x513 Libraries\STM32L1xx_StdPeriph_Driver\src\stm32l1xx_adc.o
                                0x851 (size before relaxing)
 .debug_str     0x00002cf1       0xff Libraries\STM32L1xx_StdPeriph_Driver\src\misc.o
                                0x42a (size before relaxing)

.comment        0x00000000       0x82
 .comment       0x00000000       0x82 src\tiny_printf.o
                                 0x83 (size before relaxing)
 .comment       0x00000000       0x83 src\system_stm32l1xx.o
 .comment       0x00000000       0x83 src\stm32l1xx_it.o
 .comment       0x00000000       0x83 src\main.o
 .comment       0x00000000       0x83 src\Timers.o
 .comment       0x00000000       0x83 src\RAIs.o
 .comment       0x00000000       0x83 src\Interruptions.o
 .comment       0x00000000       0x83 src\GPIOs.o
 .comment       0x00000000       0x83 src\ADC.o
 .comment       0x00000000       0x83 Utilities\STM32_EVAL\stm32l_discovery_lcd.o
 .comment       0x00000000       0x83 Libraries\STM32L1xx_StdPeriph_Driver\src\stm32l1xx_tim.o
 .comment       0x00000000       0x83 Libraries\STM32L1xx_StdPeriph_Driver\src\stm32l1xx_rcc.o
 .comment       0x00000000       0x83 Libraries\STM32L1xx_StdPeriph_Driver\src\stm32l1xx_pwr.o
 .comment       0x00000000       0x83 Libraries\STM32L1xx_StdPeriph_Driver\src\stm32l1xx_lcd.o
 .comment       0x00000000       0x83 Libraries\STM32L1xx_StdPeriph_Driver\src\stm32l1xx_gpio.o
 .comment       0x00000000       0x83 Libraries\STM32L1xx_StdPeriph_Driver\src\stm32l1xx_exti.o
 .comment       0x00000000       0x83 Libraries\STM32L1xx_StdPeriph_Driver\src\stm32l1xx_adc.o
 .comment       0x00000000       0x83 Libraries\STM32L1xx_StdPeriph_Driver\src\misc.o

.debug_frame    0x00000000     0x1eb8
 .debug_frame   0x00000000      0x154 src\tiny_printf.o
 .debug_frame   0x00000154       0x84 src\system_stm32l1xx.o
 .debug_frame   0x000001d8       0xec src\stm32l1xx_it.o
 .debug_frame   0x000002c4       0x60 src\main.o
 .debug_frame   0x00000324       0xa8 src\Timers.o
 .debug_frame   0x000003cc       0x88 src\RAIs.o
 .debug_frame   0x00000454       0x30 src\Interruptions.o
 .debug_frame   0x00000484       0x30 src\GPIOs.o
 .debug_frame   0x000004b4       0x30 src\ADC.o
 .debug_frame   0x000004e4      0x124 Utilities\STM32_EVAL\stm32l_discovery_lcd.o
 .debug_frame   0x00000608      0x95c Libraries\STM32L1xx_StdPeriph_Driver\src\stm32l1xx_tim.o
 .debug_frame   0x00000f64      0x430 Libraries\STM32L1xx_StdPeriph_Driver\src\stm32l1xx_rcc.o
 .debug_frame   0x00001394      0x194 Libraries\STM32L1xx_StdPeriph_Driver\src\stm32l1xx_pwr.o
 .debug_frame   0x00001528      0x204 Libraries\STM32L1xx_StdPeriph_Driver\src\stm32l1xx_lcd.o
 .debug_frame   0x0000172c      0x19c Libraries\STM32L1xx_StdPeriph_Driver\src\stm32l1xx_gpio.o
 .debug_frame   0x000018c8       0xec Libraries\STM32L1xx_StdPeriph_Driver\src\stm32l1xx_exti.o
 .debug_frame   0x000019b4      0x43c Libraries\STM32L1xx_StdPeriph_Driver\src\stm32l1xx_adc.o
 .debug_frame   0x00001df0       0x9c Libraries\STM32L1xx_StdPeriph_Driver\src\misc.o
 .debug_frame   0x00001e8c       0x2c d:/archivos de programa x86/atollic/truestudio for arm 5.4.0/armtools/bin/../lib/gcc/arm-atollic-eabi/4.8.3/../../../../arm-atollic-eabi/lib/armv7-m\libc_s.a(lib_a-init.o)

Cross Reference Table

Symbol                                            File
ADC1_IRQHandler                                   src\RAIs.o
                                                  src\startup_stm32l1xx_md.o
ADC_AnalogWatchdogCmd                             Libraries\STM32L1xx_StdPeriph_Driver\src\stm32l1xx_adc.o
                                                  src\ADC.o
ADC_AnalogWatchdogSingleChannelConfig             Libraries\STM32L1xx_StdPeriph_Driver\src\stm32l1xx_adc.o
                                                  src\ADC.o
ADC_AnalogWatchdogThresholdsConfig                Libraries\STM32L1xx_StdPeriph_Driver\src\stm32l1xx_adc.o
                                                  src\ADC.o
ADC_AutoInjectedConvCmd                           Libraries\STM32L1xx_StdPeriph_Driver\src\stm32l1xx_adc.o
ADC_BankSelection                                 Libraries\STM32L1xx_StdPeriph_Driver\src\stm32l1xx_adc.o
ADC_ClearFlag                                     Libraries\STM32L1xx_StdPeriph_Driver\src\stm32l1xx_adc.o
ADC_ClearITPendingBit                             Libraries\STM32L1xx_StdPeriph_Driver\src\stm32l1xx_adc.o
                                                  src\RAIs.o
ADC_Cmd                                           Libraries\STM32L1xx_StdPeriph_Driver\src\stm32l1xx_adc.o
                                                  src\ADC.o
ADC_CommonInit                                    Libraries\STM32L1xx_StdPeriph_Driver\src\stm32l1xx_adc.o
ADC_CommonStructInit                              Libraries\STM32L1xx_StdPeriph_Driver\src\stm32l1xx_adc.o
ADC_ContinuousModeCmd                             Libraries\STM32L1xx_StdPeriph_Driver\src\stm32l1xx_adc.o
ADC_DMACmd                                        Libraries\STM32L1xx_StdPeriph_Driver\src\stm32l1xx_adc.o
ADC_DMARequestAfterLastTransferCmd                Libraries\STM32L1xx_StdPeriph_Driver\src\stm32l1xx_adc.o
ADC_DeInit                                        Libraries\STM32L1xx_StdPeriph_Driver\src\stm32l1xx_adc.o
ADC_DelaySelectionConfig                          Libraries\STM32L1xx_StdPeriph_Driver\src\stm32l1xx_adc.o
ADC_DiscModeChannelCountConfig                    Libraries\STM32L1xx_StdPeriph_Driver\src\stm32l1xx_adc.o
ADC_DiscModeCmd                                   Libraries\STM32L1xx_StdPeriph_Driver\src\stm32l1xx_adc.o
ADC_EOCOnEachRegularChannelCmd                    Libraries\STM32L1xx_StdPeriph_Driver\src\stm32l1xx_adc.o
ADC_ExternalTrigInjectedConvConfig                Libraries\STM32L1xx_StdPeriph_Driver\src\stm32l1xx_adc.o
ADC_ExternalTrigInjectedConvEdgeConfig            Libraries\STM32L1xx_StdPeriph_Driver\src\stm32l1xx_adc.o
ADC_GetConversionValue                            Libraries\STM32L1xx_StdPeriph_Driver\src\stm32l1xx_adc.o
                                                  src\RAIs.o
ADC_GetFlagStatus                                 Libraries\STM32L1xx_StdPeriph_Driver\src\stm32l1xx_adc.o
ADC_GetITStatus                                   Libraries\STM32L1xx_StdPeriph_Driver\src\stm32l1xx_adc.o
                                                  src\RAIs.o
ADC_GetInjectedConversionValue                    Libraries\STM32L1xx_StdPeriph_Driver\src\stm32l1xx_adc.o
ADC_GetSoftwareStartConvStatus                    Libraries\STM32L1xx_StdPeriph_Driver\src\stm32l1xx_adc.o
ADC_GetSoftwareStartInjectedConvCmdStatus         Libraries\STM32L1xx_StdPeriph_Driver\src\stm32l1xx_adc.o
ADC_ITConfig                                      Libraries\STM32L1xx_StdPeriph_Driver\src\stm32l1xx_adc.o
                                                  src\RAIs.o
ADC_Init                                          Libraries\STM32L1xx_StdPeriph_Driver\src\stm32l1xx_adc.o
                                                  src\ADC.o
ADC_InjectedChannelConfig                         Libraries\STM32L1xx_StdPeriph_Driver\src\stm32l1xx_adc.o
ADC_InjectedDiscModeCmd                           Libraries\STM32L1xx_StdPeriph_Driver\src\stm32l1xx_adc.o
ADC_InjectedSequencerLengthConfig                 Libraries\STM32L1xx_StdPeriph_Driver\src\stm32l1xx_adc.o
ADC_PowerDownCmd                                  Libraries\STM32L1xx_StdPeriph_Driver\src\stm32l1xx_adc.o
ADC_RegularChannelConfig                          Libraries\STM32L1xx_StdPeriph_Driver\src\stm32l1xx_adc.o
                                                  src\ADC.o
ADC_SetInjectedOffset                             Libraries\STM32L1xx_StdPeriph_Driver\src\stm32l1xx_adc.o
ADC_SoftwareStartConv                             Libraries\STM32L1xx_StdPeriph_Driver\src\stm32l1xx_adc.o
ADC_SoftwareStartInjectedConv                     Libraries\STM32L1xx_StdPeriph_Driver\src\stm32l1xx_adc.o
ADC_StructInit                                    Libraries\STM32L1xx_StdPeriph_Driver\src\stm32l1xx_adc.o
ADC_TempSensorVrefintCmd                          Libraries\STM32L1xx_StdPeriph_Driver\src\stm32l1xx_adc.o
ADC_configuration                                 src\ADC.o
                                                  src\main.o
AES_CBC_Decrypt                                   Libraries\STM32L1xx_StdPeriph_Driver\src\stm32l1xx_aes_util.o
AES_CBC_Encrypt                                   Libraries\STM32L1xx_StdPeriph_Driver\src\stm32l1xx_aes_util.o
AES_CTR_Decrypt                                   Libraries\STM32L1xx_StdPeriph_Driver\src\stm32l1xx_aes_util.o
AES_CTR_Encrypt                                   Libraries\STM32L1xx_StdPeriph_Driver\src\stm32l1xx_aes_util.o
AES_ClearFlag                                     Libraries\STM32L1xx_StdPeriph_Driver\src\stm32l1xx_aes.o
                                                  Libraries\STM32L1xx_StdPeriph_Driver\src\stm32l1xx_aes_util.o
AES_ClearITPendingBit                             Libraries\STM32L1xx_StdPeriph_Driver\src\stm32l1xx_aes.o
AES_Cmd                                           Libraries\STM32L1xx_StdPeriph_Driver\src\stm32l1xx_aes.o
                                                  Libraries\STM32L1xx_StdPeriph_Driver\src\stm32l1xx_aes_util.o
AES_DMAConfig                                     Libraries\STM32L1xx_StdPeriph_Driver\src\stm32l1xx_aes.o
AES_DeInit                                        Libraries\STM32L1xx_StdPeriph_Driver\src\stm32l1xx_aes.o
AES_ECB_Decrypt                                   Libraries\STM32L1xx_StdPeriph_Driver\src\stm32l1xx_aes_util.o
AES_ECB_Encrypt                                   Libraries\STM32L1xx_StdPeriph_Driver\src\stm32l1xx_aes_util.o
AES_GetFlagStatus                                 Libraries\STM32L1xx_StdPeriph_Driver\src\stm32l1xx_aes.o
                                                  Libraries\STM32L1xx_StdPeriph_Driver\src\stm32l1xx_aes_util.o
AES_GetITStatus                                   Libraries\STM32L1xx_StdPeriph_Driver\src\stm32l1xx_aes.o
AES_ITConfig                                      Libraries\STM32L1xx_StdPeriph_Driver\src\stm32l1xx_aes.o
AES_IVInit                                        Libraries\STM32L1xx_StdPeriph_Driver\src\stm32l1xx_aes.o
                                                  Libraries\STM32L1xx_StdPeriph_Driver\src\stm32l1xx_aes_util.o
AES_IVStructInit                                  Libraries\STM32L1xx_StdPeriph_Driver\src\stm32l1xx_aes.o
AES_Init                                          Libraries\STM32L1xx_StdPeriph_Driver\src\stm32l1xx_aes.o
                                                  Libraries\STM32L1xx_StdPeriph_Driver\src\stm32l1xx_aes_util.o
AES_KeyInit                                       Libraries\STM32L1xx_StdPeriph_Driver\src\stm32l1xx_aes.o
                                                  Libraries\STM32L1xx_StdPeriph_Driver\src\stm32l1xx_aes_util.o
AES_KeyStructInit                                 Libraries\STM32L1xx_StdPeriph_Driver\src\stm32l1xx_aes.o
AES_ReadIV                                        Libraries\STM32L1xx_StdPeriph_Driver\src\stm32l1xx_aes.o
AES_ReadKey                                       Libraries\STM32L1xx_StdPeriph_Driver\src\stm32l1xx_aes.o
AES_ReadSubData                                   Libraries\STM32L1xx_StdPeriph_Driver\src\stm32l1xx_aes.o
                                                  Libraries\STM32L1xx_StdPeriph_Driver\src\stm32l1xx_aes_util.o
AES_StructInit                                    Libraries\STM32L1xx_StdPeriph_Driver\src\stm32l1xx_aes.o
AES_WriteSubData                                  Libraries\STM32L1xx_StdPeriph_Driver\src\stm32l1xx_aes.o
                                                  Libraries\STM32L1xx_StdPeriph_Driver\src\stm32l1xx_aes_util.o
AHBPrescTable                                     src\system_stm32l1xx.o
BusFault_Handler                                  src\stm32l1xx_it.o
COMP_Cmd                                          Libraries\STM32L1xx_StdPeriph_Driver\src\stm32l1xx_comp.o
COMP_DeInit                                       Libraries\STM32L1xx_StdPeriph_Driver\src\stm32l1xx_comp.o
COMP_GetOutputLevel                               Libraries\STM32L1xx_StdPeriph_Driver\src\stm32l1xx_comp.o
COMP_IRQHandler                                   src\startup_stm32l1xx_md.o
COMP_Init                                         Libraries\STM32L1xx_StdPeriph_Driver\src\stm32l1xx_comp.o
COMP_SW1SwitchConfig                              Libraries\STM32L1xx_StdPeriph_Driver\src\stm32l1xx_comp.o
COMP_VrefintOutputCmd                             Libraries\STM32L1xx_StdPeriph_Driver\src\stm32l1xx_comp.o
COMP_WindowCmd                                    Libraries\STM32L1xx_StdPeriph_Driver\src\stm32l1xx_comp.o
CRC_CalcBlockCRC                                  Libraries\STM32L1xx_StdPeriph_Driver\src\stm32l1xx_crc.o
CRC_CalcCRC                                       Libraries\STM32L1xx_StdPeriph_Driver\src\stm32l1xx_crc.o
CRC_GetCRC                                        Libraries\STM32L1xx_StdPeriph_Driver\src\stm32l1xx_crc.o
CRC_GetIDRegister                                 Libraries\STM32L1xx_StdPeriph_Driver\src\stm32l1xx_crc.o
CRC_ResetDR                                       Libraries\STM32L1xx_StdPeriph_Driver\src\stm32l1xx_crc.o
CRC_SetIDRegister                                 Libraries\STM32L1xx_StdPeriph_Driver\src\stm32l1xx_crc.o
CapLetterMap                                      Utilities\STM32_EVAL\stm32l_discovery_lcd.o
DAC_ClearFlag                                     Libraries\STM32L1xx_StdPeriph_Driver\src\stm32l1xx_dac.o
DAC_ClearITPendingBit                             Libraries\STM32L1xx_StdPeriph_Driver\src\stm32l1xx_dac.o
DAC_Cmd                                           Libraries\STM32L1xx_StdPeriph_Driver\src\stm32l1xx_dac.o
DAC_DMACmd                                        Libraries\STM32L1xx_StdPeriph_Driver\src\stm32l1xx_dac.o
DAC_DeInit                                        Libraries\STM32L1xx_StdPeriph_Driver\src\stm32l1xx_dac.o
DAC_DualSoftwareTriggerCmd                        Libraries\STM32L1xx_StdPeriph_Driver\src\stm32l1xx_dac.o
DAC_GetDataOutputValue                            Libraries\STM32L1xx_StdPeriph_Driver\src\stm32l1xx_dac.o
DAC_GetFlagStatus                                 Libraries\STM32L1xx_StdPeriph_Driver\src\stm32l1xx_dac.o
DAC_GetITStatus                                   Libraries\STM32L1xx_StdPeriph_Driver\src\stm32l1xx_dac.o
DAC_IRQHandler                                    src\startup_stm32l1xx_md.o
DAC_ITConfig                                      Libraries\STM32L1xx_StdPeriph_Driver\src\stm32l1xx_dac.o
DAC_Init                                          Libraries\STM32L1xx_StdPeriph_Driver\src\stm32l1xx_dac.o
DAC_SetChannel1Data                               Libraries\STM32L1xx_StdPeriph_Driver\src\stm32l1xx_dac.o
DAC_SetChannel2Data                               Libraries\STM32L1xx_StdPeriph_Driver\src\stm32l1xx_dac.o
DAC_SetDualChannelData                            Libraries\STM32L1xx_StdPeriph_Driver\src\stm32l1xx_dac.o
DAC_SoftwareTriggerCmd                            Libraries\STM32L1xx_StdPeriph_Driver\src\stm32l1xx_dac.o
DAC_StructInit                                    Libraries\STM32L1xx_StdPeriph_Driver\src\stm32l1xx_dac.o
DAC_WaveGenerationCmd                             Libraries\STM32L1xx_StdPeriph_Driver\src\stm32l1xx_dac.o
DATA_EEPROM_EraseByte                             Libraries\STM32L1xx_StdPeriph_Driver\src\stm32l1xx_flash.o
DATA_EEPROM_EraseDoubleWord                       Libraries\STM32L1xx_StdPeriph_Driver\src\stm32l1xx_flash_ramfunc.o
DATA_EEPROM_EraseHalfWord                         Libraries\STM32L1xx_StdPeriph_Driver\src\stm32l1xx_flash.o
DATA_EEPROM_EraseWord                             Libraries\STM32L1xx_StdPeriph_Driver\src\stm32l1xx_flash.o
DATA_EEPROM_FastProgramByte                       Libraries\STM32L1xx_StdPeriph_Driver\src\stm32l1xx_flash.o
DATA_EEPROM_FastProgramHalfWord                   Libraries\STM32L1xx_StdPeriph_Driver\src\stm32l1xx_flash.o
DATA_EEPROM_FastProgramWord                       Libraries\STM32L1xx_StdPeriph_Driver\src\stm32l1xx_flash.o
DATA_EEPROM_FixedTimeProgramCmd                   Libraries\STM32L1xx_StdPeriph_Driver\src\stm32l1xx_flash.o
DATA_EEPROM_Lock                                  Libraries\STM32L1xx_StdPeriph_Driver\src\stm32l1xx_flash.o
DATA_EEPROM_ProgramByte                           Libraries\STM32L1xx_StdPeriph_Driver\src\stm32l1xx_flash.o
DATA_EEPROM_ProgramDoubleWord                     Libraries\STM32L1xx_StdPeriph_Driver\src\stm32l1xx_flash_ramfunc.o
DATA_EEPROM_ProgramHalfWord                       Libraries\STM32L1xx_StdPeriph_Driver\src\stm32l1xx_flash.o
DATA_EEPROM_ProgramWord                           Libraries\STM32L1xx_StdPeriph_Driver\src\stm32l1xx_flash.o
DATA_EEPROM_Unlock                                Libraries\STM32L1xx_StdPeriph_Driver\src\stm32l1xx_flash.o
DBGMCU_APB1PeriphConfig                           Libraries\STM32L1xx_StdPeriph_Driver\src\stm32l1xx_dbgmcu.o
DBGMCU_APB2PeriphConfig                           Libraries\STM32L1xx_StdPeriph_Driver\src\stm32l1xx_dbgmcu.o
DBGMCU_Config                                     Libraries\STM32L1xx_StdPeriph_Driver\src\stm32l1xx_dbgmcu.o
DBGMCU_GetDEVID                                   Libraries\STM32L1xx_StdPeriph_Driver\src\stm32l1xx_dbgmcu.o
DBGMCU_GetREVID                                   Libraries\STM32L1xx_StdPeriph_Driver\src\stm32l1xx_dbgmcu.o
DMA1_Channel1_IRQHandler                          src\startup_stm32l1xx_md.o
DMA1_Channel2_IRQHandler                          src\startup_stm32l1xx_md.o
DMA1_Channel3_IRQHandler                          src\startup_stm32l1xx_md.o
DMA1_Channel4_IRQHandler                          src\startup_stm32l1xx_md.o
DMA1_Channel5_IRQHandler                          src\startup_stm32l1xx_md.o
DMA1_Channel6_IRQHandler                          src\startup_stm32l1xx_md.o
DMA1_Channel7_IRQHandler                          src\startup_stm32l1xx_md.o
DMA_ClearFlag                                     Libraries\STM32L1xx_StdPeriph_Driver\src\stm32l1xx_dma.o
DMA_ClearITPendingBit                             Libraries\STM32L1xx_StdPeriph_Driver\src\stm32l1xx_dma.o
DMA_Cmd                                           Libraries\STM32L1xx_StdPeriph_Driver\src\stm32l1xx_dma.o
DMA_DeInit                                        Libraries\STM32L1xx_StdPeriph_Driver\src\stm32l1xx_dma.o
DMA_GetCurrDataCounter                            Libraries\STM32L1xx_StdPeriph_Driver\src\stm32l1xx_dma.o
DMA_GetFlagStatus                                 Libraries\STM32L1xx_StdPeriph_Driver\src\stm32l1xx_dma.o
DMA_GetITStatus                                   Libraries\STM32L1xx_StdPeriph_Driver\src\stm32l1xx_dma.o
DMA_ITConfig                                      Libraries\STM32L1xx_StdPeriph_Driver\src\stm32l1xx_dma.o
DMA_Init                                          Libraries\STM32L1xx_StdPeriph_Driver\src\stm32l1xx_dma.o
DMA_SetCurrDataCounter                            Libraries\STM32L1xx_StdPeriph_Driver\src\stm32l1xx_dma.o
DMA_StructInit                                    Libraries\STM32L1xx_StdPeriph_Driver\src\stm32l1xx_dma.o
DebugMon_Handler                                  src\stm32l1xx_it.o
Default_Handler                                   src\startup_stm32l1xx_md.o
Delay                                             src\main.o
                                                  Utilities\STM32_EVAL\stm32l_discovery_lcd.o
DisplayConversionOnLCD                            src\RAIs.o
EXTI0_IRQHandler                                  src\RAIs.o
                                                  src\startup_stm32l1xx_md.o
EXTI15_10_IRQHandler                              src\startup_stm32l1xx_md.o
EXTI1_IRQHandler                                  src\startup_stm32l1xx_md.o
EXTI2_IRQHandler                                  src\startup_stm32l1xx_md.o
EXTI3_IRQHandler                                  src\startup_stm32l1xx_md.o
EXTI4_IRQHandler                                  src\startup_stm32l1xx_md.o
EXTI9_5_IRQHandler                                src\startup_stm32l1xx_md.o
EXTI_ClearFlag                                    Libraries\STM32L1xx_StdPeriph_Driver\src\stm32l1xx_exti.o
EXTI_ClearITPendingBit                            Libraries\STM32L1xx_StdPeriph_Driver\src\stm32l1xx_exti.o
                                                  src\RAIs.o
EXTI_DeInit                                       Libraries\STM32L1xx_StdPeriph_Driver\src\stm32l1xx_exti.o
EXTI_GenerateSWInterrupt                          Libraries\STM32L1xx_StdPeriph_Driver\src\stm32l1xx_exti.o
EXTI_GetFlagStatus                                Libraries\STM32L1xx_StdPeriph_Driver\src\stm32l1xx_exti.o
                                                  src\RAIs.o
EXTI_GetITStatus                                  Libraries\STM32L1xx_StdPeriph_Driver\src\stm32l1xx_exti.o
EXTI_Init                                         Libraries\STM32L1xx_StdPeriph_Driver\src\stm32l1xx_exti.o
                                                  src\Interruptions.o
EXTI_StructInit                                   Libraries\STM32L1xx_StdPeriph_Driver\src\stm32l1xx_exti.o
                                                  src\Interruptions.o
FLASH_ClearFlag                                   Libraries\STM32L1xx_StdPeriph_Driver\src\stm32l1xx_flash.o
FLASH_ErasePage                                   Libraries\STM32L1xx_StdPeriph_Driver\src\stm32l1xx_flash.o
FLASH_EraseParallelPage                           Libraries\STM32L1xx_StdPeriph_Driver\src\stm32l1xx_flash_ramfunc.o
FLASH_FastProgramWord                             Libraries\STM32L1xx_StdPeriph_Driver\src\stm32l1xx_flash.o
FLASH_GetFlagStatus                               Libraries\STM32L1xx_StdPeriph_Driver\src\stm32l1xx_flash.o
FLASH_GetStatus                                   Libraries\STM32L1xx_StdPeriph_Driver\src\stm32l1xx_flash.o
FLASH_IRQHandler                                  src\startup_stm32l1xx_md.o
FLASH_ITConfig                                    Libraries\STM32L1xx_StdPeriph_Driver\src\stm32l1xx_flash.o
FLASH_Lock                                        Libraries\STM32L1xx_StdPeriph_Driver\src\stm32l1xx_flash.o
FLASH_OB_BORConfig                                Libraries\STM32L1xx_StdPeriph_Driver\src\stm32l1xx_flash.o
FLASH_OB_BootConfig                               Libraries\STM32L1xx_StdPeriph_Driver\src\stm32l1xx_flash.o
FLASH_OB_GetBOR                                   Libraries\STM32L1xx_StdPeriph_Driver\src\stm32l1xx_flash.o
FLASH_OB_GetRDP                                   Libraries\STM32L1xx_StdPeriph_Driver\src\stm32l1xx_flash.o
FLASH_OB_GetUser                                  Libraries\STM32L1xx_StdPeriph_Driver\src\stm32l1xx_flash.o
FLASH_OB_GetWRP                                   Libraries\STM32L1xx_StdPeriph_Driver\src\stm32l1xx_flash.o
FLASH_OB_GetWRP1                                  Libraries\STM32L1xx_StdPeriph_Driver\src\stm32l1xx_flash.o
FLASH_OB_GetWRP2                                  Libraries\STM32L1xx_StdPeriph_Driver\src\stm32l1xx_flash.o
FLASH_OB_Launch                                   Libraries\STM32L1xx_StdPeriph_Driver\src\stm32l1xx_flash.o
FLASH_OB_Lock                                     Libraries\STM32L1xx_StdPeriph_Driver\src\stm32l1xx_flash.o
FLASH_OB_RDPConfig                                Libraries\STM32L1xx_StdPeriph_Driver\src\stm32l1xx_flash.o
FLASH_OB_Unlock                                   Libraries\STM32L1xx_StdPeriph_Driver\src\stm32l1xx_flash.o
FLASH_OB_UserConfig                               Libraries\STM32L1xx_StdPeriph_Driver\src\stm32l1xx_flash.o
FLASH_OB_WRP1Config                               Libraries\STM32L1xx_StdPeriph_Driver\src\stm32l1xx_flash.o
FLASH_OB_WRP2Config                               Libraries\STM32L1xx_StdPeriph_Driver\src\stm32l1xx_flash.o
FLASH_OB_WRPConfig                                Libraries\STM32L1xx_StdPeriph_Driver\src\stm32l1xx_flash.o
FLASH_PrefetchBufferCmd                           Libraries\STM32L1xx_StdPeriph_Driver\src\stm32l1xx_flash.o
FLASH_ProgramHalfPage                             Libraries\STM32L1xx_StdPeriph_Driver\src\stm32l1xx_flash_ramfunc.o
FLASH_ProgramParallelHalfPage                     Libraries\STM32L1xx_StdPeriph_Driver\src\stm32l1xx_flash_ramfunc.o
FLASH_RUNPowerDownCmd                             Libraries\STM32L1xx_StdPeriph_Driver\src\stm32l1xx_flash_ramfunc.o
FLASH_ReadAccess64Cmd                             Libraries\STM32L1xx_StdPeriph_Driver\src\stm32l1xx_flash.o
FLASH_SLEEPPowerDownCmd                           Libraries\STM32L1xx_StdPeriph_Driver\src\stm32l1xx_flash.o
FLASH_SetLatency                                  Libraries\STM32L1xx_StdPeriph_Driver\src\stm32l1xx_flash.o
FLASH_Unlock                                      Libraries\STM32L1xx_StdPeriph_Driver\src\stm32l1xx_flash.o
FLASH_WaitForLastOperation                        Libraries\STM32L1xx_StdPeriph_Driver\src\stm32l1xx_flash.o
FSMC_NORSRAMCmd                                   Libraries\STM32L1xx_StdPeriph_Driver\src\stm32l1xx_fsmc.o
FSMC_NORSRAMDeInit                                Libraries\STM32L1xx_StdPeriph_Driver\src\stm32l1xx_fsmc.o
FSMC_NORSRAMInit                                  Libraries\STM32L1xx_StdPeriph_Driver\src\stm32l1xx_fsmc.o
FSMC_NORSRAMStructInit                            Libraries\STM32L1xx_StdPeriph_Driver\src\stm32l1xx_fsmc.o
GPIO_DeInit                                       Libraries\STM32L1xx_StdPeriph_Driver\src\stm32l1xx_gpio.o
GPIO_Init                                         Libraries\STM32L1xx_StdPeriph_Driver\src\stm32l1xx_gpio.o
                                                  src\GPIOs.o
                                                  src\system_stm32l1xx.o
GPIO_PinAFConfig                                  Libraries\STM32L1xx_StdPeriph_Driver\src\stm32l1xx_gpio.o
                                                  src\GPIOs.o
GPIO_PinLockConfig                                Libraries\STM32L1xx_StdPeriph_Driver\src\stm32l1xx_gpio.o
GPIO_ReadInputData                                Libraries\STM32L1xx_StdPeriph_Driver\src\stm32l1xx_gpio.o
GPIO_ReadInputDataBit                             Libraries\STM32L1xx_StdPeriph_Driver\src\stm32l1xx_gpio.o
GPIO_ReadOutputData                               Libraries\STM32L1xx_StdPeriph_Driver\src\stm32l1xx_gpio.o
GPIO_ReadOutputDataBit                            Libraries\STM32L1xx_StdPeriph_Driver\src\stm32l1xx_gpio.o
GPIO_ResetBits                                    Libraries\STM32L1xx_StdPeriph_Driver\src\stm32l1xx_gpio.o
GPIO_SetBits                                      Libraries\STM32L1xx_StdPeriph_Driver\src\stm32l1xx_gpio.o
GPIO_StructInit                                   Libraries\STM32L1xx_StdPeriph_Driver\src\stm32l1xx_gpio.o
GPIO_ToggleBits                                   Libraries\STM32L1xx_StdPeriph_Driver\src\stm32l1xx_gpio.o
                                                  src\RAIs.o
GPIO_Write                                        Libraries\STM32L1xx_StdPeriph_Driver\src\stm32l1xx_gpio.o
GPIO_WriteBit                                     Libraries\STM32L1xx_StdPeriph_Driver\src\stm32l1xx_gpio.o
                                                  src\RAIs.o
                                                  src\main.o
GPIOs_Configuration                               src\GPIOs.o
                                                  src\main.o
HardFault_Handler                                 src\stm32l1xx_it.o
I2C1_ER_IRQHandler                                src\startup_stm32l1xx_md.o
I2C1_EV_IRQHandler                                src\startup_stm32l1xx_md.o
I2C2_ER_IRQHandler                                src\startup_stm32l1xx_md.o
I2C2_EV_IRQHandler                                src\startup_stm32l1xx_md.o
I2C_ARPCmd                                        Libraries\STM32L1xx_StdPeriph_Driver\src\stm32l1xx_i2c.o
I2C_AcknowledgeConfig                             Libraries\STM32L1xx_StdPeriph_Driver\src\stm32l1xx_i2c.o
I2C_CalculatePEC                                  Libraries\STM32L1xx_StdPeriph_Driver\src\stm32l1xx_i2c.o
I2C_CheckEvent                                    Libraries\STM32L1xx_StdPeriph_Driver\src\stm32l1xx_i2c.o
I2C_ClearFlag                                     Libraries\STM32L1xx_StdPeriph_Driver\src\stm32l1xx_i2c.o
I2C_ClearITPendingBit                             Libraries\STM32L1xx_StdPeriph_Driver\src\stm32l1xx_i2c.o
I2C_Cmd                                           Libraries\STM32L1xx_StdPeriph_Driver\src\stm32l1xx_i2c.o
I2C_DMACmd                                        Libraries\STM32L1xx_StdPeriph_Driver\src\stm32l1xx_i2c.o
I2C_DMALastTransferCmd                            Libraries\STM32L1xx_StdPeriph_Driver\src\stm32l1xx_i2c.o
I2C_DeInit                                        Libraries\STM32L1xx_StdPeriph_Driver\src\stm32l1xx_i2c.o
I2C_DualAddressCmd                                Libraries\STM32L1xx_StdPeriph_Driver\src\stm32l1xx_i2c.o
I2C_FastModeDutyCycleConfig                       Libraries\STM32L1xx_StdPeriph_Driver\src\stm32l1xx_i2c.o
I2C_GeneralCallCmd                                Libraries\STM32L1xx_StdPeriph_Driver\src\stm32l1xx_i2c.o
I2C_GenerateSTART                                 Libraries\STM32L1xx_StdPeriph_Driver\src\stm32l1xx_i2c.o
I2C_GenerateSTOP                                  Libraries\STM32L1xx_StdPeriph_Driver\src\stm32l1xx_i2c.o
I2C_GetFlagStatus                                 Libraries\STM32L1xx_StdPeriph_Driver\src\stm32l1xx_i2c.o
I2C_GetITStatus                                   Libraries\STM32L1xx_StdPeriph_Driver\src\stm32l1xx_i2c.o
I2C_GetLastEvent                                  Libraries\STM32L1xx_StdPeriph_Driver\src\stm32l1xx_i2c.o
I2C_GetPEC                                        Libraries\STM32L1xx_StdPeriph_Driver\src\stm32l1xx_i2c.o
I2C_ITConfig                                      Libraries\STM32L1xx_StdPeriph_Driver\src\stm32l1xx_i2c.o
I2C_Init                                          Libraries\STM32L1xx_StdPeriph_Driver\src\stm32l1xx_i2c.o
I2C_NACKPositionConfig                            Libraries\STM32L1xx_StdPeriph_Driver\src\stm32l1xx_i2c.o
I2C_OwnAddress2Config                             Libraries\STM32L1xx_StdPeriph_Driver\src\stm32l1xx_i2c.o
I2C_PECPositionConfig                             Libraries\STM32L1xx_StdPeriph_Driver\src\stm32l1xx_i2c.o
I2C_ReadRegister                                  Libraries\STM32L1xx_StdPeriph_Driver\src\stm32l1xx_i2c.o
I2C_ReceiveData                                   Libraries\STM32L1xx_StdPeriph_Driver\src\stm32l1xx_i2c.o
I2C_SMBusAlertConfig                              Libraries\STM32L1xx_StdPeriph_Driver\src\stm32l1xx_i2c.o
I2C_Send7bitAddress                               Libraries\STM32L1xx_StdPeriph_Driver\src\stm32l1xx_i2c.o
I2C_SendData                                      Libraries\STM32L1xx_StdPeriph_Driver\src\stm32l1xx_i2c.o
I2C_SoftwareResetCmd                              Libraries\STM32L1xx_StdPeriph_Driver\src\stm32l1xx_i2c.o
I2C_StretchClockCmd                               Libraries\STM32L1xx_StdPeriph_Driver\src\stm32l1xx_i2c.o
I2C_StructInit                                    Libraries\STM32L1xx_StdPeriph_Driver\src\stm32l1xx_i2c.o
I2C_TransmitPEC                                   Libraries\STM32L1xx_StdPeriph_Driver\src\stm32l1xx_i2c.o
I2S_Cmd                                           Libraries\STM32L1xx_StdPeriph_Driver\src\stm32l1xx_spi.o
I2S_Init                                          Libraries\STM32L1xx_StdPeriph_Driver\src\stm32l1xx_spi.o
I2S_StructInit                                    Libraries\STM32L1xx_StdPeriph_Driver\src\stm32l1xx_spi.o
IWDG_Enable                                       Libraries\STM32L1xx_StdPeriph_Driver\src\stm32l1xx_iwdg.o
IWDG_GetFlagStatus                                Libraries\STM32L1xx_StdPeriph_Driver\src\stm32l1xx_iwdg.o
IWDG_ReloadCounter                                Libraries\STM32L1xx_StdPeriph_Driver\src\stm32l1xx_iwdg.o
IWDG_SetPrescaler                                 Libraries\STM32L1xx_StdPeriph_Driver\src\stm32l1xx_iwdg.o
IWDG_SetReload                                    Libraries\STM32L1xx_StdPeriph_Driver\src\stm32l1xx_iwdg.o
IWDG_WriteAccessCmd                               Libraries\STM32L1xx_StdPeriph_Driver\src\stm32l1xx_iwdg.o
Interruption_Configuration                        src\Interruptions.o
                                                  src\main.o
KeyPressed                                        Utilities\STM32_EVAL\stm32l_discovery_lcd.o
LCD_BlinkConfig                                   Libraries\STM32L1xx_StdPeriph_Driver\src\stm32l1xx_lcd.o
                                                  Utilities\STM32_EVAL\stm32l_discovery_lcd.o
LCD_ClearFlag                                     Libraries\STM32L1xx_StdPeriph_Driver\src\stm32l1xx_lcd.o
LCD_ClearITPendingBit                             Libraries\STM32L1xx_StdPeriph_Driver\src\stm32l1xx_lcd.o
LCD_Cmd                                           Libraries\STM32L1xx_StdPeriph_Driver\src\stm32l1xx_lcd.o
                                                  Utilities\STM32_EVAL\stm32l_discovery_lcd.o
LCD_ContrastConfig                                Libraries\STM32L1xx_StdPeriph_Driver\src\stm32l1xx_lcd.o
                                                  Utilities\STM32_EVAL\stm32l_discovery_lcd.o
LCD_DeInit                                        Libraries\STM32L1xx_StdPeriph_Driver\src\stm32l1xx_lcd.o
LCD_DeadTimeConfig                                Libraries\STM32L1xx_StdPeriph_Driver\src\stm32l1xx_lcd.o
                                                  Utilities\STM32_EVAL\stm32l_discovery_lcd.o
LCD_GLASS_Clear                                   Utilities\STM32_EVAL\stm32l_discovery_lcd.o
                                                  src\RAIs.o
                                                  src\main.o
LCD_GLASS_DisplayStrDeci                          Utilities\STM32_EVAL\stm32l_discovery_lcd.o
LCD_GLASS_DisplayString                           Utilities\STM32_EVAL\stm32l_discovery_lcd.o
                                                  src\RAIs.o
                                                  src\main.o
LCD_GLASS_Init                                    Utilities\STM32_EVAL\stm32l_discovery_lcd.o
                                                  src\main.o
LCD_GLASS_ScrollSentence                          Utilities\STM32_EVAL\stm32l_discovery_lcd.o
                                                  src\main.o
LCD_GLASS_WriteChar                               Utilities\STM32_EVAL\stm32l_discovery_lcd.o
                                                  src\RAIs.o
LCD_GetFlagStatus                                 Libraries\STM32L1xx_StdPeriph_Driver\src\stm32l1xx_lcd.o
                                                  Utilities\STM32_EVAL\stm32l_discovery_lcd.o
LCD_GetITStatus                                   Libraries\STM32L1xx_StdPeriph_Driver\src\stm32l1xx_lcd.o
LCD_HighDriveCmd                                  Libraries\STM32L1xx_StdPeriph_Driver\src\stm32l1xx_lcd.o
LCD_IRQHandler                                    src\startup_stm32l1xx_md.o
LCD_ITConfig                                      Libraries\STM32L1xx_StdPeriph_Driver\src\stm32l1xx_lcd.o
LCD_Init                                          Libraries\STM32L1xx_StdPeriph_Driver\src\stm32l1xx_lcd.o
                                                  Utilities\STM32_EVAL\stm32l_discovery_lcd.o
LCD_MuxSegmentCmd                                 Libraries\STM32L1xx_StdPeriph_Driver\src\stm32l1xx_lcd.o
                                                  Utilities\STM32_EVAL\stm32l_discovery_lcd.o
LCD_PulseOnDurationConfig                         Libraries\STM32L1xx_StdPeriph_Driver\src\stm32l1xx_lcd.o
                                                  Utilities\STM32_EVAL\stm32l_discovery_lcd.o
LCD_StructInit                                    Libraries\STM32L1xx_StdPeriph_Driver\src\stm32l1xx_lcd.o
LCD_UpdateDisplayRequest                          Libraries\STM32L1xx_StdPeriph_Driver\src\stm32l1xx_lcd.o
                                                  Utilities\STM32_EVAL\stm32l_discovery_lcd.o
LCD_WaitForSynchro                                Libraries\STM32L1xx_StdPeriph_Driver\src\stm32l1xx_lcd.o
                                                  Utilities\STM32_EVAL\stm32l_discovery_lcd.o
LCD_Write                                         Libraries\STM32L1xx_StdPeriph_Driver\src\stm32l1xx_lcd.o
LCD_bar                                           Utilities\STM32_EVAL\stm32l_discovery_lcd.o
LCD_contrast                                      Utilities\STM32_EVAL\stm32l_discovery_lcd.o
MSITable                                          src\system_stm32l1xx.o
MemManage_Handler                                 src\stm32l1xx_it.o
NMI_Handler                                       src\stm32l1xx_it.o
NVIC_Init                                         Libraries\STM32L1xx_StdPeriph_Driver\src\misc.o
                                                  src\Interruptions.o
NVIC_PriorityGroupConfig                          Libraries\STM32L1xx_StdPeriph_Driver\src\misc.o
NVIC_SetVectorTable                               Libraries\STM32L1xx_StdPeriph_Driver\src\misc.o
NVIC_SystemLPConfig                               Libraries\STM32L1xx_StdPeriph_Driver\src\misc.o
NumberMap                                         Utilities\STM32_EVAL\stm32l_discovery_lcd.o
OPAMP_Cmd                                         Libraries\STM32L1xx_StdPeriph_Driver\src\stm32l1xx_opamp.o
OPAMP_DeInit                                      Libraries\STM32L1xx_StdPeriph_Driver\src\stm32l1xx_opamp.o
OPAMP_GetFlagStatus                               Libraries\STM32L1xx_StdPeriph_Driver\src\stm32l1xx_opamp.o
OPAMP_LowPowerCmd                                 Libraries\STM32L1xx_StdPeriph_Driver\src\stm32l1xx_opamp.o
OPAMP_OffsetTrimConfig                            Libraries\STM32L1xx_StdPeriph_Driver\src\stm32l1xx_opamp.o
OPAMP_OffsetTrimLowPowerConfig                    Libraries\STM32L1xx_StdPeriph_Driver\src\stm32l1xx_opamp.o
OPAMP_OffsetTrimmingModeSelect                    Libraries\STM32L1xx_StdPeriph_Driver\src\stm32l1xx_opamp.o
OPAMP_PowerRangeSelect                            Libraries\STM32L1xx_StdPeriph_Driver\src\stm32l1xx_opamp.o
OPAMP_SwitchCmd                                   Libraries\STM32L1xx_StdPeriph_Driver\src\stm32l1xx_opamp.o
PLLMulTable                                       src\system_stm32l1xx.o
PVD_IRQHandler                                    src\startup_stm32l1xx_md.o
PWR_ClearFlag                                     Libraries\STM32L1xx_StdPeriph_Driver\src\stm32l1xx_pwr.o
PWR_DeInit                                        Libraries\STM32L1xx_StdPeriph_Driver\src\stm32l1xx_pwr.o
PWR_EnterLowPowerRunMode                          Libraries\STM32L1xx_StdPeriph_Driver\src\stm32l1xx_pwr.o
PWR_EnterSTANDBYMode                              Libraries\STM32L1xx_StdPeriph_Driver\src\stm32l1xx_pwr.o
PWR_EnterSTOPMode                                 Libraries\STM32L1xx_StdPeriph_Driver\src\stm32l1xx_pwr.o
PWR_EnterSleepMode                                Libraries\STM32L1xx_StdPeriph_Driver\src\stm32l1xx_pwr.o
PWR_FastWakeUpCmd                                 Libraries\STM32L1xx_StdPeriph_Driver\src\stm32l1xx_pwr.o
PWR_GetFlagStatus                                 Libraries\STM32L1xx_StdPeriph_Driver\src\stm32l1xx_pwr.o
PWR_PVDCmd                                        Libraries\STM32L1xx_StdPeriph_Driver\src\stm32l1xx_pwr.o
PWR_PVDLevelConfig                                Libraries\STM32L1xx_StdPeriph_Driver\src\stm32l1xx_pwr.o
PWR_RTCAccessCmd                                  Libraries\STM32L1xx_StdPeriph_Driver\src\stm32l1xx_pwr.o
                                                  src\Timers.o
PWR_UltraLowPowerCmd                              Libraries\STM32L1xx_StdPeriph_Driver\src\stm32l1xx_pwr.o
PWR_VoltageScalingConfig                          Libraries\STM32L1xx_StdPeriph_Driver\src\stm32l1xx_pwr.o
PWR_WakeUpPinCmd                                  Libraries\STM32L1xx_StdPeriph_Driver\src\stm32l1xx_pwr.o
PendSV_Handler                                    src\stm32l1xx_it.o
RCC_AHBPeriphClockCmd                             Libraries\STM32L1xx_StdPeriph_Driver\src\stm32l1xx_rcc.o
                                                  src\GPIOs.o
                                                  src\Timers.o
                                                  src\system_stm32l1xx.o
RCC_AHBPeriphClockLPModeCmd                       Libraries\STM32L1xx_StdPeriph_Driver\src\stm32l1xx_rcc.o
RCC_AHBPeriphResetCmd                             Libraries\STM32L1xx_StdPeriph_Driver\src\stm32l1xx_rcc.o
                                                  Libraries\STM32L1xx_StdPeriph_Driver\src\stm32l1xx_aes.o
                                                  Libraries\STM32L1xx_StdPeriph_Driver\src\stm32l1xx_gpio.o
RCC_APB1PeriphClockCmd                            Libraries\STM32L1xx_StdPeriph_Driver\src\stm32l1xx_rcc.o
                                                  src\Interruptions.o
                                                  src\Timers.o
RCC_APB1PeriphClockLPModeCmd                      Libraries\STM32L1xx_StdPeriph_Driver\src\stm32l1xx_rcc.o
RCC_APB1PeriphResetCmd                            Libraries\STM32L1xx_StdPeriph_Driver\src\stm32l1xx_rcc.o
                                                  Libraries\STM32L1xx_StdPeriph_Driver\src\stm32l1xx_dac.o
                                                  Libraries\STM32L1xx_StdPeriph_Driver\src\stm32l1xx_i2c.o
                                                  Libraries\STM32L1xx_StdPeriph_Driver\src\stm32l1xx_lcd.o
                                                  Libraries\STM32L1xx_StdPeriph_Driver\src\stm32l1xx_pwr.o
                                                  Libraries\STM32L1xx_StdPeriph_Driver\src\stm32l1xx_spi.o
                                                  Libraries\STM32L1xx_StdPeriph_Driver\src\stm32l1xx_tim.o
                                                  Libraries\STM32L1xx_StdPeriph_Driver\src\stm32l1xx_usart.o
                                                  Libraries\STM32L1xx_StdPeriph_Driver\src\stm32l1xx_wwdg.o
RCC_APB2PeriphClockCmd                            Libraries\STM32L1xx_StdPeriph_Driver\src\stm32l1xx_rcc.o
                                                  src\Interruptions.o
                                                  src\Timers.o
RCC_APB2PeriphClockLPModeCmd                      Libraries\STM32L1xx_StdPeriph_Driver\src\stm32l1xx_rcc.o
RCC_APB2PeriphResetCmd                            Libraries\STM32L1xx_StdPeriph_Driver\src\stm32l1xx_rcc.o
                                                  Libraries\STM32L1xx_StdPeriph_Driver\src\stm32l1xx_adc.o
                                                  Libraries\STM32L1xx_StdPeriph_Driver\src\stm32l1xx_sdio.o
                                                  Libraries\STM32L1xx_StdPeriph_Driver\src\stm32l1xx_spi.o
                                                  Libraries\STM32L1xx_StdPeriph_Driver\src\stm32l1xx_syscfg.o
                                                  Libraries\STM32L1xx_StdPeriph_Driver\src\stm32l1xx_tim.o
                                                  Libraries\STM32L1xx_StdPeriph_Driver\src\stm32l1xx_usart.o
RCC_AdjustHSICalibrationValue                     Libraries\STM32L1xx_StdPeriph_Driver\src\stm32l1xx_rcc.o
RCC_AdjustMSICalibrationValue                     Libraries\STM32L1xx_StdPeriph_Driver\src\stm32l1xx_rcc.o
RCC_ClearFlag                                     Libraries\STM32L1xx_StdPeriph_Driver\src\stm32l1xx_rcc.o
RCC_ClearITPendingBit                             Libraries\STM32L1xx_StdPeriph_Driver\src\stm32l1xx_rcc.o
RCC_ClockSecuritySystemCmd                        Libraries\STM32L1xx_StdPeriph_Driver\src\stm32l1xx_rcc.o
RCC_Configuration                                 src\Timers.o
                                                  src\main.o
RCC_DeInit                                        Libraries\STM32L1xx_StdPeriph_Driver\src\stm32l1xx_rcc.o
RCC_GetClocksFreq                                 Libraries\STM32L1xx_StdPeriph_Driver\src\stm32l1xx_rcc.o
                                                  Libraries\STM32L1xx_StdPeriph_Driver\src\stm32l1xx_i2c.o
                                                  Libraries\STM32L1xx_StdPeriph_Driver\src\stm32l1xx_spi.o
                                                  Libraries\STM32L1xx_StdPeriph_Driver\src\stm32l1xx_usart.o
                                                  src\Timers.o
RCC_GetFlagStatus                                 Libraries\STM32L1xx_StdPeriph_Driver\src\stm32l1xx_rcc.o
                                                  src\Timers.o
RCC_GetITStatus                                   Libraries\STM32L1xx_StdPeriph_Driver\src\stm32l1xx_rcc.o
RCC_GetSYSCLKSource                               Libraries\STM32L1xx_StdPeriph_Driver\src\stm32l1xx_rcc.o
RCC_HCLKConfig                                    Libraries\STM32L1xx_StdPeriph_Driver\src\stm32l1xx_rcc.o
RCC_HSEConfig                                     Libraries\STM32L1xx_StdPeriph_Driver\src\stm32l1xx_rcc.o
RCC_HSICmd                                        Libraries\STM32L1xx_StdPeriph_Driver\src\stm32l1xx_rcc.o
RCC_IRQHandler                                    src\startup_stm32l1xx_md.o
RCC_ITConfig                                      Libraries\STM32L1xx_StdPeriph_Driver\src\stm32l1xx_rcc.o
RCC_LSEClockSecuritySystemCmd                     Libraries\STM32L1xx_StdPeriph_Driver\src\stm32l1xx_rcc.o
RCC_LSEConfig                                     Libraries\STM32L1xx_StdPeriph_Driver\src\stm32l1xx_rcc.o
                                                  src\Timers.o
RCC_LSICmd                                        Libraries\STM32L1xx_StdPeriph_Driver\src\stm32l1xx_rcc.o
RCC_MCOConfig                                     Libraries\STM32L1xx_StdPeriph_Driver\src\stm32l1xx_rcc.o
RCC_MSICmd                                        Libraries\STM32L1xx_StdPeriph_Driver\src\stm32l1xx_rcc.o
RCC_MSIRangeConfig                                Libraries\STM32L1xx_StdPeriph_Driver\src\stm32l1xx_rcc.o
RCC_PCLK1Config                                   Libraries\STM32L1xx_StdPeriph_Driver\src\stm32l1xx_rcc.o
RCC_PCLK2Config                                   Libraries\STM32L1xx_StdPeriph_Driver\src\stm32l1xx_rcc.o
RCC_PLLCmd                                        Libraries\STM32L1xx_StdPeriph_Driver\src\stm32l1xx_rcc.o
RCC_PLLConfig                                     Libraries\STM32L1xx_StdPeriph_Driver\src\stm32l1xx_rcc.o
RCC_RTCCLKCmd                                     Libraries\STM32L1xx_StdPeriph_Driver\src\stm32l1xx_rcc.o
RCC_RTCCLKConfig                                  Libraries\STM32L1xx_StdPeriph_Driver\src\stm32l1xx_rcc.o
                                                  src\Timers.o
RCC_RTCResetCmd                                   Libraries\STM32L1xx_StdPeriph_Driver\src\stm32l1xx_rcc.o
                                                  src\Timers.o
RCC_SYSCLKConfig                                  Libraries\STM32L1xx_StdPeriph_Driver\src\stm32l1xx_rcc.o
RCC_WaitForHSEStartUp                             Libraries\STM32L1xx_StdPeriph_Driver\src\stm32l1xx_rcc.o
RTC_AlarmCmd                                      Libraries\STM32L1xx_StdPeriph_Driver\src\stm32l1xx_rtc.o
RTC_AlarmStructInit                               Libraries\STM32L1xx_StdPeriph_Driver\src\stm32l1xx_rtc.o
RTC_AlarmSubSecondConfig                          Libraries\STM32L1xx_StdPeriph_Driver\src\stm32l1xx_rtc.o
RTC_Alarm_IRQHandler                              src\startup_stm32l1xx_md.o
RTC_BypassShadowCmd                               Libraries\STM32L1xx_StdPeriph_Driver\src\stm32l1xx_rtc.o
RTC_CalibOutputCmd                                Libraries\STM32L1xx_StdPeriph_Driver\src\stm32l1xx_rtc.o
RTC_CalibOutputConfig                             Libraries\STM32L1xx_StdPeriph_Driver\src\stm32l1xx_rtc.o
RTC_ClearFlag                                     Libraries\STM32L1xx_StdPeriph_Driver\src\stm32l1xx_rtc.o
RTC_ClearITPendingBit                             Libraries\STM32L1xx_StdPeriph_Driver\src\stm32l1xx_rtc.o
RTC_CoarseCalibCmd                                Libraries\STM32L1xx_StdPeriph_Driver\src\stm32l1xx_rtc.o
RTC_CoarseCalibConfig                             Libraries\STM32L1xx_StdPeriph_Driver\src\stm32l1xx_rtc.o
RTC_DateStructInit                                Libraries\STM32L1xx_StdPeriph_Driver\src\stm32l1xx_rtc.o
RTC_DayLightSavingConfig                          Libraries\STM32L1xx_StdPeriph_Driver\src\stm32l1xx_rtc.o
RTC_DeInit                                        Libraries\STM32L1xx_StdPeriph_Driver\src\stm32l1xx_rtc.o
RTC_EnterInitMode                                 Libraries\STM32L1xx_StdPeriph_Driver\src\stm32l1xx_rtc.o
RTC_ExitInitMode                                  Libraries\STM32L1xx_StdPeriph_Driver\src\stm32l1xx_rtc.o
RTC_GetAlarm                                      Libraries\STM32L1xx_StdPeriph_Driver\src\stm32l1xx_rtc.o
RTC_GetAlarmSubSecond                             Libraries\STM32L1xx_StdPeriph_Driver\src\stm32l1xx_rtc.o
RTC_GetDate                                       Libraries\STM32L1xx_StdPeriph_Driver\src\stm32l1xx_rtc.o
RTC_GetFlagStatus                                 Libraries\STM32L1xx_StdPeriph_Driver\src\stm32l1xx_rtc.o
RTC_GetITStatus                                   Libraries\STM32L1xx_StdPeriph_Driver\src\stm32l1xx_rtc.o
RTC_GetStoreOperation                             Libraries\STM32L1xx_StdPeriph_Driver\src\stm32l1xx_rtc.o
RTC_GetSubSecond                                  Libraries\STM32L1xx_StdPeriph_Driver\src\stm32l1xx_rtc.o
RTC_GetTime                                       Libraries\STM32L1xx_StdPeriph_Driver\src\stm32l1xx_rtc.o
RTC_GetTimeStamp                                  Libraries\STM32L1xx_StdPeriph_Driver\src\stm32l1xx_rtc.o
RTC_GetTimeStampSubSecond                         Libraries\STM32L1xx_StdPeriph_Driver\src\stm32l1xx_rtc.o
RTC_GetWakeUpCounter                              Libraries\STM32L1xx_StdPeriph_Driver\src\stm32l1xx_rtc.o
RTC_ITConfig                                      Libraries\STM32L1xx_StdPeriph_Driver\src\stm32l1xx_rtc.o
RTC_Init                                          Libraries\STM32L1xx_StdPeriph_Driver\src\stm32l1xx_rtc.o
RTC_OutputConfig                                  Libraries\STM32L1xx_StdPeriph_Driver\src\stm32l1xx_rtc.o
RTC_OutputTypeConfig                              Libraries\STM32L1xx_StdPeriph_Driver\src\stm32l1xx_rtc.o
RTC_ReadBackupRegister                            Libraries\STM32L1xx_StdPeriph_Driver\src\stm32l1xx_rtc.o
RTC_RefClockCmd                                   Libraries\STM32L1xx_StdPeriph_Driver\src\stm32l1xx_rtc.o
RTC_SetAlarm                                      Libraries\STM32L1xx_StdPeriph_Driver\src\stm32l1xx_rtc.o
RTC_SetDate                                       Libraries\STM32L1xx_StdPeriph_Driver\src\stm32l1xx_rtc.o
RTC_SetTime                                       Libraries\STM32L1xx_StdPeriph_Driver\src\stm32l1xx_rtc.o
RTC_SetWakeUpCounter                              Libraries\STM32L1xx_StdPeriph_Driver\src\stm32l1xx_rtc.o
RTC_SmoothCalibConfig                             Libraries\STM32L1xx_StdPeriph_Driver\src\stm32l1xx_rtc.o
RTC_StructInit                                    Libraries\STM32L1xx_StdPeriph_Driver\src\stm32l1xx_rtc.o
RTC_SynchroShiftConfig                            Libraries\STM32L1xx_StdPeriph_Driver\src\stm32l1xx_rtc.o
RTC_TamperCmd                                     Libraries\STM32L1xx_StdPeriph_Driver\src\stm32l1xx_rtc.o
RTC_TamperFilterConfig                            Libraries\STM32L1xx_StdPeriph_Driver\src\stm32l1xx_rtc.o
RTC_TamperPinsPrechargeDuration                   Libraries\STM32L1xx_StdPeriph_Driver\src\stm32l1xx_rtc.o
RTC_TamperPullUpCmd                               Libraries\STM32L1xx_StdPeriph_Driver\src\stm32l1xx_rtc.o
RTC_TamperSamplingFreqConfig                      Libraries\STM32L1xx_StdPeriph_Driver\src\stm32l1xx_rtc.o
RTC_TamperTriggerConfig                           Libraries\STM32L1xx_StdPeriph_Driver\src\stm32l1xx_rtc.o
RTC_TimeStampCmd                                  Libraries\STM32L1xx_StdPeriph_Driver\src\stm32l1xx_rtc.o
RTC_TimeStampOnTamperDetectionCmd                 Libraries\STM32L1xx_StdPeriph_Driver\src\stm32l1xx_rtc.o
RTC_TimeStructInit                                Libraries\STM32L1xx_StdPeriph_Driver\src\stm32l1xx_rtc.o
RTC_WKUP_IRQHandler                               src\startup_stm32l1xx_md.o
RTC_WaitForSynchro                                Libraries\STM32L1xx_StdPeriph_Driver\src\stm32l1xx_rtc.o
RTC_WakeUpClockConfig                             Libraries\STM32L1xx_StdPeriph_Driver\src\stm32l1xx_rtc.o
RTC_WakeUpCmd                                     Libraries\STM32L1xx_StdPeriph_Driver\src\stm32l1xx_rtc.o
RTC_WriteBackupRegister                           Libraries\STM32L1xx_StdPeriph_Driver\src\stm32l1xx_rtc.o
RTC_WriteProtectionCmd                            Libraries\STM32L1xx_StdPeriph_Driver\src\stm32l1xx_rtc.o
Reset_Handler                                     src\startup_stm32l1xx_md.o
SDIO_CEATAITCmd                                   Libraries\STM32L1xx_StdPeriph_Driver\src\stm32l1xx_sdio.o
SDIO_ClearFlag                                    Libraries\STM32L1xx_StdPeriph_Driver\src\stm32l1xx_sdio.o
SDIO_ClearITPendingBit                            Libraries\STM32L1xx_StdPeriph_Driver\src\stm32l1xx_sdio.o
SDIO_ClockCmd                                     Libraries\STM32L1xx_StdPeriph_Driver\src\stm32l1xx_sdio.o
SDIO_CmdStructInit                                Libraries\STM32L1xx_StdPeriph_Driver\src\stm32l1xx_sdio.o
SDIO_CommandCompletionCmd                         Libraries\STM32L1xx_StdPeriph_Driver\src\stm32l1xx_sdio.o
SDIO_DMACmd                                       Libraries\STM32L1xx_StdPeriph_Driver\src\stm32l1xx_sdio.o
SDIO_DataConfig                                   Libraries\STM32L1xx_StdPeriph_Driver\src\stm32l1xx_sdio.o
SDIO_DataStructInit                               Libraries\STM32L1xx_StdPeriph_Driver\src\stm32l1xx_sdio.o
SDIO_DeInit                                       Libraries\STM32L1xx_StdPeriph_Driver\src\stm32l1xx_sdio.o
SDIO_GetCommandResponse                           Libraries\STM32L1xx_StdPeriph_Driver\src\stm32l1xx_sdio.o
SDIO_GetDataCounter                               Libraries\STM32L1xx_StdPeriph_Driver\src\stm32l1xx_sdio.o
SDIO_GetFIFOCount                                 Libraries\STM32L1xx_StdPeriph_Driver\src\stm32l1xx_sdio.o
SDIO_GetFlagStatus                                Libraries\STM32L1xx_StdPeriph_Driver\src\stm32l1xx_sdio.o
SDIO_GetITStatus                                  Libraries\STM32L1xx_StdPeriph_Driver\src\stm32l1xx_sdio.o
SDIO_GetPowerState                                Libraries\STM32L1xx_StdPeriph_Driver\src\stm32l1xx_sdio.o
SDIO_GetResponse                                  Libraries\STM32L1xx_StdPeriph_Driver\src\stm32l1xx_sdio.o
SDIO_ITConfig                                     Libraries\STM32L1xx_StdPeriph_Driver\src\stm32l1xx_sdio.o